<html>
<body>
<pre>
<h1>µVision Build Log</h1>
<h2>Tool Versions:</h2>
IDE-Version: ¦ÌVision V5.18.0.0
Copyright (C) 2016 ARM Ltd and ARM Germany GmbH. All rights reserved.
License Information: 1 2, 3, LIC=LJWP0-BQCWA-MS6YP-M28UM-69JMC-YFGJY
 
Tool Versions:
Toolchain:       MDK-ARM Professional  Version: 5.18
Toolchain Path:  D:\Keil_v5\ARM\ARMCC\Bin
C Compiler:      Armcc.exe V5.06 update 1 (build 61)
Assembler:       Armasm.exe V5.06 update 1 (build 61)
Linker/Locator:  ArmLink.exe V5.06 update 1 (build 61)
Library Manager: ArmAr.exe V5.06 update 1 (build 61)
Hex Converter:   FromElf.exe V5.06 update 1 (build 61)
CPU DLL:         SARMCM3.DLL V5.18
Dialog DLL:      DCM.DLL V1.13.6.0
Target DLL:      STLink\ST-LINKIII-KEIL_SWO.dll V2.0.18.0
Dialog DLL:      TCM.DLL V1.14.8.0
 
<h2>Project:</h2>
E:\daily\ARMDetector\Hardware\Sensors\Projects\MDK-ARM\atk_f103.uvprojx
Project File Date:  04/05/2025

<h2>Output:</h2>
*** Using Compiler 'V5.06 update 1 (build 61)', folder: 'D:\Keil_v5\ARM\ARMCC\Bin'
Build target 'DHT11'
compiling sensor_uart3.c...
..\..\Drivers\./BSP/SENSOR_UART/sensor_uart3.h(39): warning:  #1-D: last line of file ends without a newline
  #endif /* __SENSOR_UART3_H */
..\..\Drivers\./BSP/BEEP/beep.h(68): warning:  #1-D: last line of file ends without a newline
  #endif
..\..\Drivers\BSP\SENSOR_UART\sensor_uart3.c(126): warning:  #1-D: last line of file ends without a newline
  }
..\..\Drivers\BSP\SENSOR_UART\sensor_uart3.c: 3 warnings, 0 errors
compiling sensor_uart.c...
..\..\Drivers\./BSP/SENSOR_UART/sensor_uart.h(35): warning:  #1-D: last line of file ends without a newline
  #endif /* __SENSOR_UART_H */
..\..\Drivers\./BSP/BEEP/beep.h(68): warning:  #1-D: last line of file ends without a newline
  #endif
..\..\Drivers\BSP\SENSOR_UART\sensor_uart.c(109): warning:  #1-D: last line of file ends without a newline
  }
..\..\Drivers\BSP\SENSOR_UART\sensor_uart.c: 3 warnings, 0 errors
compiling beep.c...
..\..\Drivers\./BSP/BEEP/beep.h(68): warning:  #1-D: last line of file ends without a newline
  #endif
..\..\Drivers\BSP\BEEP\beep.c(235): warning:  #1-D: last line of file ends without a newline
  }
..\..\Drivers\BSP\BEEP\beep.c: 2 warnings, 0 errors
compiling main.c...
..\..\Drivers\./BSP/MQ7/mq7.h(15): warning:  #1-D: last line of file ends without a newline
  #endif
..\..\Drivers\./BSP/GP2Y1014AU/gp2y1014au.h(46): warning:  #1-D: last line of file ends without a newline
   #endif
..\..\Drivers\./BSP/SENSOR_UART/sensor_uart.h(35): warning:  #1-D: last line of file ends without a newline
  #endif /* __SENSOR_UART_H */
..\..\Drivers\./BSP/SENSOR_UART/sensor_uart3.h(39): warning:  #1-D: last line of file ends without a newline
  #endif /* __SENSOR_UART3_H */
..\..\Drivers\./BSP/BEEP/beep.h(68): warning:  #1-D: last line of file ends without a newline
  #endif
..\..\User\main.c: 5 warnings, 0 errors
linking...
Program Size: Code=36152 RO-data=12704 RW-data=44 ZI-data=1636  
FromELF: creating hex file...
"..\..\Output\atk_f103.axf" - 0 Error(s), 13 Warning(s).

<h2>Collection of Component include folders:</h2>
  E:\daily\ARMDetector\Hardware\Sensors\Projects\MDK-ARM\RTE
  D:\Keil_v5\ARM\PACK\Keil\STM32F1xx_DFP\2.4.1\Device\Include

<h2>Collection of Component Files used:</h2>
Build Time Elapsed:  00:00:01
</pre>
</body>
</html>
