Component: ARM Compiler 5.06 update 1 (build 61) Tool: armlink [4d35a8]

==============================================================================

Section Cross References

    startup_stm32f103xe.o(RESET) refers to startup_stm32f103xe.o(STACK) for __initial_sp
    startup_stm32f103xe.o(RESET) refers to startup_stm32f103xe.o(.text) for Reset_Handler
    startup_stm32f103xe.o(RESET) refers to stm32f1xx_it.o(i.NMI_Handler) for NMI_Handler
    startup_stm32f103xe.o(RESET) refers to stm32f1xx_it.o(i.HardFault_Handler) for HardFault_Handler
    startup_stm32f103xe.o(RESET) refers to stm32f1xx_it.o(i.MemManage_Handler) for MemManage_Handler
    startup_stm32f103xe.o(RESET) refers to stm32f1xx_it.o(i.BusFault_Handler) for BusFault_Handler
    startup_stm32f103xe.o(RESET) refers to stm32f1xx_it.o(i.UsageFault_Handler) for UsageFault_Handler
    startup_stm32f103xe.o(RESET) refers to stm32f1xx_it.o(i.SVC_Handler) for SVC_Handler
    startup_stm32f103xe.o(RESET) refers to stm32f1xx_it.o(i.DebugMon_Handler) for DebugMon_Handler
    startup_stm32f103xe.o(RESET) refers to stm32f1xx_it.o(i.PendSV_Handler) for PendSV_Handler
    startup_stm32f103xe.o(RESET) refers to stm32f1xx_it.o(i.SysTick_Handler) for SysTick_Handler
    startup_stm32f103xe.o(RESET) refers to usart.o(i.USART1_IRQHandler) for USART1_IRQHandler
    startup_stm32f103xe.o(.text) refers to system_stm32f1xx.o(i.SystemInit) for SystemInit
    startup_stm32f103xe.o(.text) refers to entry.o(.ARM.Collect$$$$00000000) for __main
    main.o(i.main) refers to stm32f1xx_hal.o(i.HAL_Init) for HAL_Init
    main.o(i.main) refers to sys.o(i.sys_stm32_clock_init) for sys_stm32_clock_init
    main.o(i.main) refers to delay.o(i.delay_init) for delay_init
    main.o(i.main) refers to usart.o(i.usart_init) for usart_init
    main.o(i.main) refers to led.o(i.led_init) for led_init
    main.o(i.main) refers to lcd.o(i.lcd_init) for lcd_init
    main.o(i.main) refers to mq7.o(i.mq7_init) for mq7_init
    main.o(i.main) refers to gp2y1014au.o(i.gp2y1014au_init) for gp2y1014au_init
    main.o(i.main) refers to beep.o(i.beep_init) for beep_init
    main.o(i.main) refers to sensor_uart3.o(i.sensor_uart3_init) for sensor_uart3_init
    main.o(i.main) refers to lcd.o(i.lcd_show_string) for lcd_show_string
    main.o(i.main) refers to delay.o(i.delay_ms) for delay_ms
    main.o(i.main) refers to lcd.o(i.lcd_fill) for lcd_fill
    main.o(i.main) refers to stm32f1xx_hal_gpio.o(i.HAL_GPIO_Init) for HAL_GPIO_Init
    main.o(i.main) refers to stm32f1xx_hal_gpio.o(i.HAL_GPIO_WritePin) for HAL_GPIO_WritePin
    main.o(i.main) refers to delay.o(i.delay_us) for delay_us
    main.o(i.main) refers to dht11.o(i.dht11_init) for dht11_init
    main.o(i.main) refers to dht11.o(i.dht11_read_data) for dht11_read_data
    main.o(i.main) refers to mq7.o(i.mq7_get_co_ppm) for mq7_get_co_ppm
    main.o(i.main) refers to gp2y1014au.o(i.gp2y1014au_get_dust_density) for gp2y1014au_get_dust_density
    main.o(i.main) refers to ffixui.o(.text) for __aeabi_f2uiz
    main.o(i.main) refers to ffltui.o(.text) for __aeabi_ui2f
    main.o(i.main) refers to fadd.o(.text) for __aeabi_frsub
    main.o(i.main) refers to fmul.o(.text) for __aeabi_fmul
    main.o(i.main) refers to lcd.o(i.lcd_show_num) for lcd_show_num
    main.o(i.main) refers to lcd.o(i.lcd_show_char) for lcd_show_char
    main.o(i.main) refers to beep.o(i.beep_alarm_handler) for beep_alarm_handler
    main.o(i.main) refers to sensor_uart.o(i.sensor_uart_send_data) for sensor_uart_send_data
    main.o(i.main) refers to stm32f1xx_hal.o(i.HAL_GetTick) for HAL_GetTick
    main.o(i.main) refers to beep.o(.data) for g_current_alarm
    main.o(i.main) refers to sensor_uart3.o(i.sensor_uart3_send_data) for sensor_uart3_send_data
    main.o(i.main) refers to stm32f1xx_hal_gpio.o(i.HAL_GPIO_TogglePin) for HAL_GPIO_TogglePin
    system_stm32f1xx.o(i.SystemCoreClockUpdate) refers to system_stm32f1xx.o(.data) for SystemCoreClock
    system_stm32f1xx.o(i.SystemCoreClockUpdate) refers to system_stm32f1xx.o(.constdata) for AHBPrescTable
    stm32f1xx_it.o(i.SysTick_Handler) refers to stm32f1xx_hal.o(i.HAL_IncTick) for HAL_IncTick
    delay.o(i.HAL_Delay) refers to delay.o(i.delay_ms) for delay_ms
    delay.o(i.delay_init) refers to delay.o(.data) for g_fac_us
    delay.o(i.delay_ms) refers to delay.o(i.delay_us) for delay_us
    delay.o(i.delay_us) refers to delay.o(.data) for g_fac_us
    sys.o(i.sys_stm32_clock_init) refers to memseta.o(.text) for __aeabi_memclr4
    sys.o(i.sys_stm32_clock_init) refers to stm32f1xx_hal_rcc.o(i.HAL_RCC_OscConfig) for HAL_RCC_OscConfig
    sys.o(i.sys_stm32_clock_init) refers to stm32f1xx_hal_rcc.o(i.HAL_RCC_ClockConfig) for HAL_RCC_ClockConfig
    usart.o(i.HAL_UART_MspInit) refers to stm32f1xx_hal_gpio.o(i.HAL_GPIO_Init) for HAL_GPIO_Init
    usart.o(i.HAL_UART_MspInit) refers to stm32f1xx_hal_cortex.o(i.HAL_NVIC_EnableIRQ) for HAL_NVIC_EnableIRQ
[...]
    ..\\..\\Drivers\\STM32F1xx_HAL_Driver\\Src\\stm32f1xx_hal_sram.c 0x00000000   Number         0  stm32f1xx_hal_sram.o ABSOLUTE
    ..\\..\\Drivers\\STM32F1xx_HAL_Driver\\Src\\stm32f1xx_hal_tim.c 0x00000000   Number         0  stm32f1xx_hal_tim.o ABSOLUTE
    ..\\..\\Drivers\\STM32F1xx_HAL_Driver\\Src\\stm32f1xx_hal_tim_ex.c 0x00000000   Number         0  stm32f1xx_hal_tim_ex.o ABSOLUTE
    ..\\..\\Drivers\\STM32F1xx_HAL_Driver\\Src\\stm32f1xx_hal_uart.c 0x00000000   Number         0  stm32f1xx_hal_uart.o ABSOLUTE
    ..\\..\\Drivers\\STM32F1xx_HAL_Driver\\Src\\stm32f1xx_hal_usart.c 0x00000000   Number         0  stm32f1xx_hal_usart.o ABSOLUTE
    ..\\..\\Drivers\\STM32F1xx_HAL_Driver\\Src\\stm32f1xx_ll_fsmc.c 0x00000000   Number         0  stm32f1xx_ll_fsmc.o ABSOLUTE
    ..\\..\\Drivers\\SYSTEM\\delay\\delay.c  0x00000000   Number         0  delay.o ABSOLUTE
    ..\\..\\Drivers\\SYSTEM\\sys\\sys.c      0x00000000   Number         0  sys.o ABSOLUTE
    ..\\..\\Drivers\\SYSTEM\\usart\\usart.c  0x00000000   Number         0  usart.o ABSOLUTE
    ..\\..\\User\\main.c                     0x00000000   Number         0  main.o ABSOLUTE
    ..\\..\\User\\stm32f1xx_it.c             0x00000000   Number         0  stm32f1xx_it.o ABSOLUTE
    cdcmple.s                                0x00000000   Number         0  cdcmple.o ABSOLUTE
    cdrcmple.s                               0x00000000   Number         0  cdrcmple.o ABSOLUTE
    cfrcmple.s                               0x00000000   Number         0  cfrcmple.o ABSOLUTE
    dc.s                                     0x00000000   Number         0  dc.o ABSOLUTE
    handlers.s                               0x00000000   Number         0  handlers.o ABSOLUTE
    init.s                                   0x00000000   Number         0  init.o ABSOLUTE
    RESET                                    0x08000000   Section      304  startup_stm32f103xe.o(RESET)
    .ARM.Collect$$$$00000000                 0x08000130   Section        0  entry.o(.ARM.Collect$$$$00000000)
    .ARM.Collect$$$$00000001                 0x08000130   Section        4  entry2.o(.ARM.Collect$$$$00000001)
    .ARM.Collect$$$$00000004                 0x08000134   Section        4  entry5.o(.ARM.Collect$$$$00000004)
    .ARM.Collect$$$$00000008                 0x08000138   Section        0  entry7b.o(.ARM.Collect$$$$00000008)
    .ARM.Collect$$$$0000000A                 0x08000138   Section        0  entry8b.o(.ARM.Collect$$$$0000000A)
    .ARM.Collect$$$$0000000B                 0x08000138   Section        8  entry9a.o(.ARM.Collect$$$$0000000B)
    .ARM.Collect$$$$0000000D                 0x08000140   Section        0  entry10a.o(.ARM.Collect$$$$0000000D)
    .ARM.Collect$$$$0000000F                 0x08000140   Section        0  entry11a.o(.ARM.Collect$$$$0000000F)
    .ARM.Collect$$$$00002712                 0x08000140   Section        4  entry2.o(.ARM.Collect$$$$00002712)
    __lit__00000000                          0x08000140   Data           4  entry2.o(.ARM.Collect$$$$00002712)
    .text                                    0x08000144   Section       36  startup_stm32f103xe.o(.text)
    .text                                    0x08000168   Section        0  memcpya.o(.text)
    .text                                    0x0800018c   Section        0  memseta.o(.text)
    .text                                    0x080001b0   Section        0  strcpy.o(.text)
    .text                                    0x080001c2   Section        0  fadd.o(.text)
    .text                                    0x08000272   Section        0  fmul.o(.text)
    .text                                    0x080002d6   Section        0  dadd.o(.text)
    .text                                    0x08000424   Section        0  dmul.o(.text)
    .text                                    0x08000508   Section        0  ddiv.o(.text)
    .text                                    0x080005e6   Section        0  ffltui.o(.text)
    .text                                    0x080005f0   Section        0  dfltui.o(.text)
    .text                                    0x0800060a   Section        0  ffixui.o(.text)
    .text                                    0x08000632   Section        0  dfixui.o(.text)
    .text                                    0x08000664   Section        0  f2d.o(.text)
    .text                                    0x0800068c   Section       48  cdcmple.o(.text)
    .text                                    0x080006bc   Section       48  cdrcmple.o(.text)
    .text                                    0x080006ec   Section        0  d2f.o(.text)
    .text                                    0x08000724   Section       20  cfrcmple.o(.text)
    .text                                    0x08000738   Section        0  uidiv.o(.text)
    .text                                    0x08000764   Section        0  uldiv.o(.text)
    .text                                    0x080007c6   Section        0  llshl.o(.text)
    .text                                    0x080007e4   Section        0  llushr.o(.text)
    .text                                    0x08000804   Section        0  llsshr.o(.text)
    .text                                    0x08000828   Section        0  iusefp.o(.text)
    .text                                    0x08000828   Section        0  fepilogue.o(.text)
    .text                                    0x08000896   Section        0  depilogue.o(.text)
    .text                                    0x08000950   Section        0  dscalb.o(.text)
    .text                                    0x0800097e   Section        0  dflti.o(.text)
    .text                                    0x080009a0   Section        0  dfixul.o(.text)
    .text                                    0x080009d0   Section       36  init.o(.text)
    .text                                    0x080009f4   Section        0  dsqrt.o(.text)
    i.ADC_ConversionStop_Disable             0x08000a96   Section        0  stm32f1xx_hal_adc.o(i.ADC_ConversionStop_Disable)
    i.ADC_Enable                             0x08000ae8   Section        0  stm32f1xx_hal_adc.o(i.ADC_Enable)
    i.BusFault_Handler                       0x08000b6c   Section        0  stm32f1xx_it.o(i.BusFault_Handler)
    i.DebugMon_Handler                       0x08000b70   Section        0  stm32f1xx_it.o(i.DebugMon_Handler)
    i.FSMC_NORSRAM_Extended_Timing_Init      0x08000b74   Section        0  stm32f1xx_ll_fsmc.o(i.FSMC_NORSRAM_Extended_Timing_Init)
    i.FSMC_NORSRAM_Init                      0x08000bb8   Section        0  stm32f1xx_ll_fsmc.o(i.FSMC_NORSRAM_Init)
    i.FSMC_NORSRAM_Timing_Init               0x08000c30   Section        0  stm32f1xx_ll_fsmc.o(i.FSMC_NORSRAM_Timing_Init)
    i.HAL_ADCEx_Calibration_Start            0x08000c74   Section        0  stm32f1xx_hal_adc_ex.o(i.HAL_ADCEx_Calibration_Start)
    i.HAL_ADC_ConfigChannel                  0x08000d78   Section        0  stm32f1xx_hal_adc.o(i.HAL_ADC_ConfigChannel)
    i.HAL_ADC_GetState                       0x08000ed8   Section        0  stm32f1xx_hal_adc.o(i.HAL_ADC_GetState)
    i.HAL_ADC_GetValue                       0x08000ede   Section        0  stm32f1xx_hal_adc.o(i.HAL_ADC_GetValue)
    i.HAL_ADC_Init                           0x08000ee8   Section        0  stm32f1xx_hal_adc.o(i.HAL_ADC_Init)
    i.HAL_ADC_MspInit                        0x08001048   Section        0  stm32f1xx_hal_adc.o(i.HAL_ADC_MspInit)
    i.HAL_ADC_PollForConversion              0x0800104c   Section        0  stm32f1xx_hal_adc.o(i.HAL_ADC_PollForConversion)
    i.HAL_ADC_Start                          0x080011bc   Section        0  stm32f1xx_hal_adc.o(i.HAL_ADC_Start)
    i.HAL_DMA_Abort_IT                       0x080012ec   Section        0  stm32f1xx_hal_dma.o(i.HAL_DMA_Abort_IT)
    i.HAL_GPIO_Init                          0x08001494   Section        0  stm32f1xx_hal_gpio.o(i.HAL_GPIO_Init)
    i.HAL_GPIO_ReadPin                       0x080017d4   Section        0  stm32f1xx_hal_gpio.o(i.HAL_GPIO_ReadPin)
    i.HAL_GPIO_TogglePin                     0x080017e4   Section        0  stm32f1xx_hal_gpio.o(i.HAL_GPIO_TogglePin)
    i.HAL_GPIO_WritePin                      0x080017f8   Section        0  stm32f1xx_hal_gpio.o(i.HAL_GPIO_WritePin)
    i.HAL_GetTick                            0x08001804   Section        0  stm32f1xx_hal.o(i.HAL_GetTick)
    i.HAL_IncTick                            0x08001810   Section        0  stm32f1xx_hal.o(i.HAL_IncTick)
    i.HAL_Init                               0x08001828   Section        0  stm32f1xx_hal.o(i.HAL_Init)
    i.HAL_InitTick                           0x08001850   Section        0  stm32f1xx_hal.o(i.HAL_InitTick)
    i.HAL_MspInit                            0x0800189c   Section        0  stm32f1xx_hal.o(i.HAL_MspInit)
    i.HAL_NVIC_EnableIRQ                     0x0800189e   Section        0  stm32f1xx_hal_cortex.o(i.HAL_NVIC_EnableIRQ)
    i.HAL_NVIC_SetPriority                   0x080018be   Section        0  stm32f1xx_hal_cortex.o(i.HAL_NVIC_SetPriority)
    i.HAL_NVIC_SetPriorityGrouping           0x0800193c   Section        0  stm32f1xx_hal_cortex.o(i.HAL_NVIC_SetPriorityGrouping)
    i.HAL_RCCEx_GetPeriphCLKFreq             0x08001964   Section        0  stm32f1xx_hal_rcc_ex.o(i.HAL_RCCEx_GetPeriphCLKFreq)
    i.HAL_RCC_ClockConfig                    0x08001a98   Section        0  stm32f1xx_hal_rcc.o(i.HAL_RCC_ClockConfig)
    i.HAL_RCC_GetHCLKFreq                    0x08001c24   Section        0  stm32f1xx_hal_rcc.o(i.HAL_RCC_GetHCLKFreq)
    i.HAL_RCC_GetPCLK1Freq                   0x08001c30   Section        0  stm32f1xx_hal_rcc.o(i.HAL_RCC_GetPCLK1Freq)
    i.HAL_RCC_GetPCLK2Freq                   0x08001c50   Section        0  stm32f1xx_hal_rcc.o(i.HAL_RCC_GetPCLK2Freq)
    i.HAL_RCC_GetSysClockFreq                0x08001c70   Section        0  stm32f1xx_hal_rcc.o(i.HAL_RCC_GetSysClockFreq)
    i.HAL_RCC_OscConfig                      0x08001d04   Section        0  stm32f1xx_hal_rcc.o(i.HAL_RCC_OscConfig)
    i.HAL_SRAM_Init                          0x08002168   Section        0  stm32f1xx_hal_sram.o(i.HAL_SRAM_Init)
    i.HAL_SRAM_MspInit                       0x080021d0   Section        0  lcd.o(i.HAL_SRAM_MspInit)
    i.HAL_SYSTICK_Config                     0x08002260   Section        0  stm32f1xx_hal_cortex.o(i.HAL_SYSTICK_Config)
    i.HAL_TIMEx_MasterConfigSynchronization  0x08002294   Section        0  stm32f1xx_hal_tim_ex.o(i.HAL_TIMEx_MasterConfigSynchronization)
    i.HAL_TIM_Base_Init                      0x08002330   Section        0  stm32f1xx_hal_tim.o(i.HAL_TIM_Base_Init)
    i.HAL_TIM_Base_MspInit                   0x08002396   Section        0  stm32f1xx_hal_tim.o(i.HAL_TIM_Base_MspInit)
    i.HAL_TIM_ConfigClockSource              0x08002398   Section        0  stm32f1xx_hal_tim.o(i.HAL_TIM_ConfigClockSource)
    i.HAL_TIM_PWM_ConfigChannel              0x080024a0   Section        0  stm32f1xx_hal_tim.o(i.HAL_TIM_PWM_ConfigChannel)
    i.HAL_TIM_PWM_Init                       0x0800259c   Section        0  stm32f1xx_hal_tim.o(i.HAL_TIM_PWM_Init)
    i.HAL_TIM_PWM_MspInit                    0x08002602   Section        0  stm32f1xx_hal_tim.o(i.HAL_TIM_PWM_MspInit)
    i.HAL_TIM_PWM_Start                      0x08002604   Section        0  stm32f1xx_hal_tim.o(i.HAL_TIM_PWM_Start)
    i.HAL_TIM_PWM_Stop                       0x080026f8   Section        0  stm32f1xx_hal_tim.o(i.HAL_TIM_PWM_Stop)
    i.HAL_UART_ErrorCallback                 0x080027a0   Section        0  stm32f1xx_hal_uart.o(i.HAL_UART_ErrorCallback)
    i.HAL_UART_IRQHandler                    0x080027a4   Section        0  stm32f1xx_hal_uart.o(i.HAL_UART_IRQHandler)
    i.HAL_UART_Init                          0x080028f8   Section        0  stm32f1xx_hal_uart.o(i.HAL_UART_Init)
    i.HAL_UART_MspInit                       0x0800296c   Section        0  usart.o(i.HAL_UART_MspInit)
    i.HAL_UART_Receive_IT                    0x08002a20   Section        0  stm32f1xx_hal_uart.o(i.HAL_UART_Receive_IT)
    i.HAL_UART_RxCpltCallback                0x08002a90   Section        0  usart.o(i.HAL_UART_RxCpltCallback)
    i.HAL_UART_Transmit                      0x08002b2c   Section        0  stm32f1xx_hal_uart.o(i.HAL_UART_Transmit)
    i.HAL_UART_TxCpltCallback                0x08002bfe   Section        0  stm32f1xx_hal_uart.o(i.HAL_UART_TxCpltCallback)
    i.HardFault_Handler                      0x08002c00   Section        0  stm32f1xx_it.o(i.HardFault_Handler)
    i.MemManage_Handler                      0x08002c04   Section        0  stm32f1xx_it.o(i.MemManage_Handler)
    i.NMI_Handler                            0x08002c08   Section        0  stm32f1xx_it.o(i.NMI_Handler)
    i.PendSV_Handler                         0x08002c0a   Section        0  stm32f1xx_it.o(i.PendSV_Handler)
    i.RCC_Delay                              0x08002c0c   Section        0  stm32f1xx_hal_rcc.o(i.RCC_Delay)
    RCC_Delay                                0x08002c0d   Thumb Code    36  stm32f1xx_hal_rcc.o(i.RCC_Delay)
    i.SVC_Handler                            0x08002c34   Section        0  stm32f1xx_it.o(i.SVC_Handler)
    i.SysTick_Handler                        0x08002c36   Section        0  stm32f1xx_it.o(i.SysTick_Handler)
    i.SystemInit                             0x08002c3e   Section        0  system_stm32f1xx.o(i.SystemInit)
    i.TIM_Base_SetConfig                     0x08002c40   Section        0  stm32f1xx_hal_tim.o(i.TIM_Base_SetConfig)
    i.TIM_CCxChannelCmd                      0x08002cdc   Section        0  stm32f1xx_hal_tim.o(i.TIM_CCxChannelCmd)
    i.TIM_ETR_SetConfig                      0x08002cfe   Section        0  stm32f1xx_hal_tim.o(i.TIM_ETR_SetConfig)
    i.TIM_ITRx_SetConfig                     0x08002d14   Section        0  stm32f1xx_hal_tim.o(i.TIM_ITRx_SetConfig)
    TIM_ITRx_SetConfig                       0x08002d15   Thumb Code    18  stm32f1xx_hal_tim.o(i.TIM_ITRx_SetConfig)
    i.TIM_OC1_SetConfig                      0x08002d28   Section        0  stm32f1xx_hal_tim.o(i.TIM_OC1_SetConfig)
    TIM_OC1_SetConfig                        0x08002d29   Thumb Code   104  stm32f1xx_hal_tim.o(i.TIM_OC1_SetConfig)
    i.TIM_OC2_SetConfig                      0x08002d98   Section        0  stm32f1xx_hal_tim.o(i.TIM_OC2_SetConfig)
    i.TIM_OC3_SetConfig                      0x08002e14   Section        0  stm32f1xx_hal_tim.o(i.TIM_OC3_SetConfig)
    TIM_OC3_SetConfig                        0x08002e15   Thumb Code   112  stm32f1xx_hal_tim.o(i.TIM_OC3_SetConfig)
    i.TIM_OC4_SetConfig                      0x08002e8c   Section        0  stm32f1xx_hal_tim.o(i.TIM_OC4_SetConfig)
    TIM_OC4_SetConfig                        0x08002e8d   Thumb Code    74  stm32f1xx_hal_tim.o(i.TIM_OC4_SetConfig)
    i.TIM_TI1_ConfigInputStage               0x08002ee0   Section        0  stm32f1xx_hal_tim.o(i.TIM_TI1_ConfigInputStage)
    TIM_TI1_ConfigInputStage                 0x08002ee1   Thumb Code    38  stm32f1xx_hal_tim.o(i.TIM_TI1_ConfigInputStage)
    i.TIM_TI2_ConfigInputStage               0x08002f06   Section        0  stm32f1xx_hal_tim.o(i.TIM_TI2_ConfigInputStage)
    TIM_TI2_ConfigInputStage                 0x08002f07   Thumb Code    40  stm32f1xx_hal_tim.o(i.TIM_TI2_ConfigInputStage)
    i.UART_DMAAbortOnError                   0x08002f2e   Section        0  stm32f1xx_hal_uart.o(i.UART_DMAAbortOnError)
    UART_DMAAbortOnError                     0x08002f2f   Thumb Code    20  stm32f1xx_hal_uart.o(i.UART_DMAAbortOnError)
    i.UART_EndRxTransfer                     0x08002f42   Section        0  stm32f1xx_hal_uart.o(i.UART_EndRxTransfer)
    UART_EndRxTransfer                       0x08002f43   Thumb Code    32  stm32f1xx_hal_uart.o(i.UART_EndRxTransfer)
    i.UART_EndTransmit_IT                    0x08002f62   Section        0  stm32f1xx_hal_uart.o(i.UART_EndTransmit_IT)
    UART_EndTransmit_IT                      0x08002f63   Thumb Code    32  stm32f1xx_hal_uart.o(i.UART_EndTransmit_IT)
    i.UART_Receive_IT                        0x08002f82   Section        0  stm32f1xx_hal_uart.o(i.UART_Receive_IT)
    UART_Receive_IT                          0x08002f83   Thumb Code   160  stm32f1xx_hal_uart.o(i.UART_Receive_IT)
    i.UART_SetConfig                         0x08003024   Section        0  stm32f1xx_hal_uart.o(i.UART_SetConfig)
    UART_SetConfig                           0x08003025   Thumb Code   248  stm32f1xx_hal_uart.o(i.UART_SetConfig)
    i.UART_Transmit_IT                       0x08003120   Section        0  stm32f1xx_hal_uart.o(i.UART_Transmit_IT)
    UART_Transmit_IT                         0x08003121   Thumb Code    96  stm32f1xx_hal_uart.o(i.UART_Transmit_IT)
    i.UART_WaitOnFlagUntilTimeout            0x08003180   Section        0  stm32f1xx_hal_uart.o(i.UART_WaitOnFlagUntilTimeout)
    UART_WaitOnFlagUntilTimeout              0x08003181   Thumb Code   108  stm32f1xx_hal_uart.o(i.UART_WaitOnFlagUntilTimeout)
    i.USART1_IRQHandler                      0x080031ec   Section        0  usart.o(i.USART1_IRQHandler)
    i.UsageFault_Handler                     0x080031fc   Section        0  stm32f1xx_it.o(i.UsageFault_Handler)
    i.__0printf                              0x08003200   Section        0  printfa.o(i.__0printf)
    i.__0sprintf                             0x08003220   Section        0  printfa.o(i.__0sprintf)
    i.__ARM_fpclassify                       0x08003248   Section        0  fpclassify.o(i.__ARM_fpclassify)
    i.__NVIC_GetPriorityGrouping             0x08003270   Section        0  stm32f1xx_hal_cortex.o(i.__NVIC_GetPriorityGrouping)
    __NVIC_GetPriorityGrouping               0x08003271   Thumb Code    10  stm32f1xx_hal_cortex.o(i.__NVIC_GetPriorityGrouping)
    i.__NVIC_SetPriority                     0x08003280   Section        0  stm32f1xx_hal_cortex.o(i.__NVIC_SetPriority)
    __NVIC_SetPriority                       0x08003281   Thumb Code    32  stm32f1xx_hal_cortex.o(i.__NVIC_SetPriority)
    i.__kernel_poly                          0x080032a8   Section        0  poly.o(i.__kernel_poly)
    i.__mathlib_dbl_divzero                  0x08003354   Section        0  dunder.o(i.__mathlib_dbl_divzero)
    i.__mathlib_dbl_infnan2                  0x08003364   Section        0  dunder.o(i.__mathlib_dbl_infnan2)
    i.__mathlib_dbl_invalid                  0x08003368   Section        0  dunder.o(i.__mathlib_dbl_invalid)
    i.__mathlib_dbl_overflow                 0x08003374   Section        0  dunder.o(i.__mathlib_dbl_overflow)
    i.__mathlib_dbl_underflow                0x08003384   Section        0  dunder.o(i.__mathlib_dbl_underflow)
    i.__scatterload_copy                     0x08003394   Section       14  handlers.o(i.__scatterload_copy)
    i.__scatterload_null                     0x080033a2   Section        2  handlers.o(i.__scatterload_null)
    i.__scatterload_zeroinit                 0x080033a4   Section       14  handlers.o(i.__scatterload_zeroinit)
    i.__set_errno                            0x080033b4   Section        0  errno.o(i.__set_errno)
    i._fp_digits                             0x080033c0   Section        0  printfa.o(i._fp_digits)
    _fp_digits                               0x080033c1   Thumb Code   334  printfa.o(i._fp_digits)
    i._printf_core                           0x08003524   Section        0  printfa.o(i._printf_core)
    _printf_core                             0x08003525   Thumb Code  1744  printfa.o(i._printf_core)
    i._printf_post_padding                   0x08003c00   Section        0  printfa.o(i._printf_post_padding)
    _printf_post_padding                     0x08003c01   Thumb Code    36  printfa.o(i._printf_post_padding)
    i._printf_pre_padding                    0x08003c24   Section        0  printfa.o(i._printf_pre_padding)
    _printf_pre_padding                      0x08003c25   Thumb Code    46  printfa.o(i._printf_pre_padding)
    i._sputc                                 0x08003c52   Section        0  printfa.o(i._sputc)
    _sputc                                   0x08003c53   Thumb Code    10  printfa.o(i._sputc)
    i.beep_alarm_handler                     0x08003c5c   Section        0  beep.o(i.beep_alarm_handler)
    i.beep_init                              0x08003d88   Section        0  beep.o(i.beep_init)
    i.beep_off                               0x08003e64   Section        0  beep.o(i.beep_off)
    i.beep_on                                0x08003e74   Section        0  beep.o(i.beep_on)
    i.beep_set_freq                          0x08003e84   Section        0  beep.o(i.beep_set_freq)
    i.delay_init                             0x08003ec8   Section        0  delay.o(i.delay_init)
    i.delay_ms                               0x08003ed4   Section        0  delay.o(i.delay_ms)
    i.delay_us                               0x08003ee8   Section        0  delay.o(i.delay_us)
    i.dht11_check                            0x08003f30   Section        0  dht11.o(i.dht11_check)
    i.dht11_init                             0x08003f88   Section        0  dht11.o(i.dht11_init)
    i.dht11_read_bit                         0x08003fd8   Section        0  dht11.o(i.dht11_read_bit)
    i.dht11_read_byte                        0x08004034   Section        0  dht11.o(i.dht11_read_byte)
    dht11_read_byte                          0x08004035   Thumb Code    30  dht11.o(i.dht11_read_byte)
    i.dht11_read_data                        0x08004052   Section        0  dht11.o(i.dht11_read_data)
    i.dht11_reset                            0x080040ac   Section        0  dht11.o(i.dht11_reset)
    dht11_reset                              0x080040ad   Thumb Code    46  dht11.o(i.dht11_reset)
    i.fputc                                  0x080040e0   Section        0  usart.o(i.fputc)
    i.gp2y1014au_get_adc_average             0x080040fc   Section        0  gp2y1014au.o(i.gp2y1014au_get_adc_average)
    i.gp2y1014au_get_adc_value               0x0800411c   Section        0  gp2y1014au.o(i.gp2y1014au_get_adc_value)
    i.gp2y1014au_get_dust_density            0x0800417c   Section        0  gp2y1014au.o(i.gp2y1014au_get_dust_density)
    i.gp2y1014au_init                        0x08004228   Section        0  gp2y1014au.o(i.gp2y1014au_init)
    i.lcd_clear                              0x08004310   Section        0  lcd.o(i.lcd_clear)
    i.lcd_display_dir                        0x08004344   Section        0  lcd.o(i.lcd_display_dir)
    i.lcd_draw_point                         0x080044b0   Section        0  lcd.o(i.lcd_draw_point)
    i.lcd_ex_ili9341_reginit                 0x080044d0   Section        0  lcd.o(i.lcd_ex_ili9341_reginit)
    i.lcd_ex_ili9806_reginit                 0x080046fc   Section        0  lcd.o(i.lcd_ex_ili9806_reginit)
    i.lcd_ex_nt35310_reginit                 0x08004a3c   Section        0  lcd.o(i.lcd_ex_nt35310_reginit)
    i.lcd_ex_nt35510_reginit                 0x0800592e   Section        0  lcd.o(i.lcd_ex_nt35510_reginit)
    i.lcd_ex_ssd1963_reginit                 0x0800682a   Section        0  lcd.o(i.lcd_ex_ssd1963_reginit)
    i.lcd_ex_st7789_reginit                  0x08006998   Section        0  lcd.o(i.lcd_ex_st7789_reginit)
    i.lcd_ex_st7796_reginit                  0x08006b40   Section        0  lcd.o(i.lcd_ex_st7796_reginit)
    i.lcd_fill                               0x08006d08   Section        0  lcd.o(i.lcd_fill)
    i.lcd_init                               0x08006d5c   Section        0  lcd.o(i.lcd_init)
    i.lcd_opt_delay                          0x080071c4   Section        0  lcd.o(i.lcd_opt_delay)
    lcd_opt_delay                            0x080071c5   Thumb Code    12  lcd.o(i.lcd_opt_delay)
    i.lcd_pow                                0x080071d0   Section        0  lcd.o(i.lcd_pow)
    lcd_pow                                  0x080071d1   Thumb Code    22  lcd.o(i.lcd_pow)
    i.lcd_rd_data                            0x080071e8   Section        0  lcd.o(i.lcd_rd_data)
    lcd_rd_data                              0x080071e9   Thumb Code    20  lcd.o(i.lcd_rd_data)
    i.lcd_scan_dir                           0x08007200   Section        0  lcd.o(i.lcd_scan_dir)
    i.lcd_set_cursor                         0x0800743c   Section        0  lcd.o(i.lcd_set_cursor)
    i.lcd_show_char                          0x0800755c   Section        0  lcd.o(i.lcd_show_char)
    i.lcd_show_num                           0x0800769c   Section        0  lcd.o(i.lcd_show_num)
    i.lcd_show_string                        0x08007734   Section        0  lcd.o(i.lcd_show_string)
    i.lcd_ssd_backlight_set                  0x080077a0   Section        0  lcd.o(i.lcd_ssd_backlight_set)
    i.lcd_wr_data                            0x080077f4   Section        0  lcd.o(i.lcd_wr_data)
    i.lcd_wr_regno                           0x0800780c   Section        0  lcd.o(i.lcd_wr_regno)
    i.lcd_write_ram_prepare                  0x08007824   Section        0  lcd.o(i.lcd_write_ram_prepare)
    i.lcd_write_reg                          0x08007838   Section        0  lcd.o(i.lcd_write_reg)
    i.led_init                               0x08007848   Section        0  led.o(i.led_init)
    i.main                                   0x080078d8   Section        0  main.o(i.main)
    i.mq7_get_adc_average                    0x08007e58   Section        0  mq7.o(i.mq7_get_adc_average)
    i.mq7_get_adc_value                      0x08007e80   Section        0  mq7.o(i.mq7_get_adc_value)
    i.mq7_get_co_ppm                         0x08007eb0   Section        0  mq7.o(i.mq7_get_co_ppm)
    i.mq7_init                               0x08007f70   Section        0  mq7.o(i.mq7_init)
    i.pow                                    0x08008014   Section        0  pow.o(i.pow)
    i.sensor_uart3_init                      0x080089ec   Section        0  sensor_uart3.o(i.sensor_uart3_init)
    i.sensor_uart3_send_data                 0x08008a84   Section        0  sensor_uart3.o(i.sensor_uart3_send_data)
    i.sensor_uart_send_data                  0x08008c00   Section        0  sensor_uart.o(i.sensor_uart_send_data)
    i.sqrt                                   0x08008d7c   Section        0  sqrt.o(i.sqrt)
    i.sys_stm32_clock_init                   0x08008dc8   Section        0  sys.o(i.sys_stm32_clock_init)
    i.usart_init                             0x08008e30   Section        0  usart.o(i.usart_init)
    .constdata                               0x08008e68   Section       24  system_stm32f1xx.o(.constdata)
    .constdata                               0x08008e80   Section    12160  lcd.o(.constdata)
    .constdata                               0x0800be00   Section       20  sensor_uart.o(.constdata)
    .constdata                               0x0800be14   Section       20  sensor_uart3.o(.constdata)
    .constdata                               0x0800be28   Section      136  pow.o(.constdata)
    bp                                       0x0800be28   Data          16  pow.o(.constdata)
    dp_h                                     0x0800be38   Data          16  pow.o(.constdata)
    dp_l                                     0x0800be48   Data          16  pow.o(.constdata)
    L                                        0x0800be58   Data          48  pow.o(.constdata)
    P                                        0x0800be88   Data          40  pow.o(.constdata)
    .constdata                               0x0800beb0   Section        8  qnan.o(.constdata)
    .data                                    0x20000000   Section        4  system_stm32f1xx.o(.data)
    .data                                    0x20000004   Section        4  delay.o(.data)
    g_fac_us                                 0x20000004   Data           4  delay.o(.data)
    .data                                    0x20000008   Section        7  usart.o(.data)
    .data                                    0x20000010   Section        9  stm32f1xx_hal.o(.data)
    .data                                    0x2000001c   Section        8  lcd.o(.data)
    .data                                    0x20000024   Section        1  beep.o(.data)
    .data                                    0x20000028   Section        4  errno.o(.data)
    _errno                                   0x20000028   Data           4  errno.o(.data)
    .bss                                     0x2000002c   Section      264  usart.o(.bss)
    .bss                                     0x20000134   Section       86  lcd.o(.bss)
    .bss                                     0x2000018c   Section       48  mq7.o(.bss)
    g_adc_handle                             0x2000018c   Data          48  mq7.o(.bss)
    .bss                                     0x200001bc   Section       48  gp2y1014au.o(.bss)
    g_adc_handle                             0x200001bc   Data          48  gp2y1014au.o(.bss)
    .bss                                     0x200001ec   Section       64  sensor_uart3.o(.bss)
    .bss                                     0x2000022c   Section      100  beep.o(.bss)
    g_tim_handle                             0x2000022c   Data          72  beep.o(.bss)
    g_tim_oc_handle                          0x20000274   Data          28  beep.o(.bss)
    STACK                                    0x20000290   Section     1024  startup_stm32f103xe.o(STACK)

    Global Symbols

    Symbol Name                              Value     Ov Type        Size  Object(Section)

    BuildAttributes$$THM_ISAv4$P$D$K$B$S$PE$A:L22UL41UL21$X:L11$S22US41US21$IEEE1$IW$USESV6$~STKCKD$USESV7$~SHL$OTIME$ROPI$IEEEX$EBA8$MICROLIB$REQ8$PRES8$EABIv2 0x00000000   Number         0  anon$$obj.o ABSOLUTE
    __ARM_use_no_argv                        0x00000000   Number         0  main.o ABSOLUTE
    __use_no_errno                           0x00000000   Number         0  useno.o ABSOLUTE
    __use_no_exception_handling              0x00000000   Number         0  useno.o ABSOLUTE
    __use_no_fp                              0x00000000   Number         0  useno.o ABSOLUTE
    __use_no_heap                            0x00000000   Number         0  useno.o ABSOLUTE
    __use_no_heap_region                     0x00000000   Number         0  useno.o ABSOLUTE
    __use_no_semihosting                     0x00000000   Number         0  useno.o ABSOLUTE
    __use_no_semihosting_swi                 0x00000000   Number         0  useno.o ABSOLUTE
    __use_no_signal_handling                 0x00000000   Number         0  useno.o ABSOLUTE
    _printf_a                                0x00000000   Number         0  stubs.o ABSOLUTE
    _printf_c                                0x00000000   Number         0  stubs.o ABSOLUTE
    _printf_charcount                        0x00000000   Number         0  stubs.o ABSOLUTE
    _printf_d                                0x00000000   Number         0  stubs.o ABSOLUTE
    _printf_e                                0x00000000   Number         0  stubs.o ABSOLUTE
    _printf_f                                0x00000000   Number         0  stubs.o ABSOLUTE
    _printf_flags                            0x00000000   Number         0  stubs.o ABSOLUTE
    _printf_fp_dec                           0x00000000   Number         0  stubs.o ABSOLUTE
    _printf_fp_hex                           0x00000000   Number         0  stubs.o ABSOLUTE
    _printf_g                                0x00000000   Number         0  stubs.o ABSOLUTE
    _printf_i                                0x00000000   Number         0  stubs.o ABSOLUTE
    _printf_int_dec                          0x00000000   Number         0  stubs.o ABSOLUTE
    _printf_l                                0x00000000   Number         0  stubs.o ABSOLUTE
    _printf_lc                               0x00000000   Number         0  stubs.o ABSOLUTE
    _printf_ll                               0x00000000   Number         0  stubs.o ABSOLUTE
    _printf_lld                              0x00000000   Number         0  stubs.o ABSOLUTE
    _printf_lli                              0x00000000   Number         0  stubs.o ABSOLUTE
    _printf_llo                              0x00000000   Number         0  stubs.o ABSOLUTE
    _printf_llu                              0x00000000   Number         0  stubs.o ABSOLUTE
    _printf_llx                              0x00000000   Number         0  stubs.o ABSOLUTE
    _printf_longlong_dec                     0x00000000   Number         0  stubs.o ABSOLUTE
    _printf_longlong_hex                     0x00000000   Number         0  stubs.o ABSOLUTE
    _printf_longlong_oct                     0x00000000   Number         0  stubs.o ABSOLUTE
    _printf_ls                               0x00000000   Number         0  stubs.o ABSOLUTE
    _printf_mbtowc                           0x00000000   Number         0  stubs.o ABSOLUTE
    _printf_n                                0x00000000   Number         0  stubs.o ABSOLUTE
    _printf_o                                0x00000000   Number         0  stubs.o ABSOLUTE
    _printf_p                                0x00000000   Number         0  stubs.o ABSOLUTE
    _printf_percent                          0x00000000   Number         0  stubs.o ABSOLUTE
    _printf_pre_padding                      0x00000000   Number         0  stubs.o ABSOLUTE
    _printf_return_value                     0x00000000   Number         0  stubs.o ABSOLUTE
    _printf_s                                0x00000000   Number         0  stubs.o ABSOLUTE
    _printf_sizespec                         0x00000000   Number         0  stubs.o ABSOLUTE
    _printf_str                              0x00000000   Number         0  stubs.o ABSOLUTE
    _printf_truncate_signed                  0x00000000   Number         0  stubs.o ABSOLUTE
    _printf_truncate_unsigned                0x00000000   Number         0  stubs.o ABSOLUTE
    _printf_u                                0x00000000   Number         0  stubs.o ABSOLUTE
    _printf_wc                               0x00000000   Number         0  stubs.o ABSOLUTE
    _printf_wctomb                           0x00000000   Number         0  stubs.o ABSOLUTE
    _printf_widthprec                        0x00000000   Number         0  stubs.o ABSOLUTE
    _printf_x                                0x00000000   Number         0  stubs.o ABSOLUTE
    __cpp_initialize__aeabi_                  - Undefined Weak Reference
    __cxa_finalize                            - Undefined Weak Reference
    __decompress                              - Undefined Weak Reference
    _clock_init                               - Undefined Weak Reference
    _microlib_exit                            - Undefined Weak Reference
    __Vectors_Size                           0x00000130   Number         0  startup_stm32f103xe.o ABSOLUTE
    __Vectors                                0x08000000   Data           4  startup_stm32f103xe.o(RESET)
    __Vectors_End                            0x08000130   Data           0  startup_stm32f103xe.o(RESET)
    __main                                   0x08000131   Thumb Code     0  entry.o(.ARM.Collect$$$$00000000)
    _main_stk                                0x08000131   Thumb Code     0  entry2.o(.ARM.Collect$$$$00000001)
    _main_scatterload                        0x08000135   Thumb Code     0  entry5.o(.ARM.Collect$$$$00000004)
    __main_after_scatterload                 0x08000139   Thumb Code     0  entry5.o(.ARM.Collect$$$$00000004)
    _main_clock                              0x08000139   Thumb Code     0  entry7b.o(.ARM.Collect$$$$00000008)
    _main_cpp_init                           0x08000139   Thumb Code     0  entry8b.o(.ARM.Collect$$$$0000000A)
    _main_init                               0x08000139   Thumb Code     0  entry9a.o(.ARM.Collect$$$$0000000B)
    __rt_final_cpp                           0x08000141   Thumb Code     0  entry10a.o(.ARM.Collect$$$$0000000D)
    __rt_final_exit                          0x08000141   Thumb Code     0  entry11a.o(.ARM.Collect$$$$0000000F)
    Reset_Handler                            0x08000145   Thumb Code     8  startup_stm32f103xe.o(.text)
    ADC1_2_IRQHandler                        0x0800015f   Thumb Code     0  startup_stm32f103xe.o(.text)
    ADC3_IRQHandler                          0x0800015f   Thumb Code     0  startup_stm32f103xe.o(.text)
    CAN1_RX1_IRQHandler                      0x0800015f   Thumb Code     0  startup_stm32f103xe.o(.text)
    CAN1_SCE_IRQHandler                      0x0800015f   Thumb Code     0  startup_stm32f103xe.o(.text)
    DMA1_Channel1_IRQHandler                 0x0800015f   Thumb Code     0  startup_stm32f103xe.o(.text)
    DMA1_Channel2_IRQHandler                 0x0800015f   Thumb Code     0  startup_stm32f103xe.o(.text)
    DMA1_Channel3_IRQHandler                 0x0800015f   Thumb Code     0  startup_stm32f103xe.o(.text)
    DMA1_Channel4_IRQHandler                 0x0800015f   Thumb Code     0  startup_stm32f103xe.o(.text)
    DMA1_Channel5_IRQHandler                 0x0800015f   Thumb Code     0  startup_stm32f103xe.o(.text)
    DMA1_Channel6_IRQHandler                 0x0800015f   Thumb Code     0  startup_stm32f103xe.o(.text)
    DMA1_Channel7_IRQHandler                 0x0800015f   Thumb Code     0  startup_stm32f103xe.o(.text)
    DMA2_Channel1_IRQHandler                 0x0800015f   Thumb Code     0  startup_stm32f103xe.o(.text)
    DMA2_Channel2_IRQHandler                 0x0800015f   Thumb Code     0  startup_stm32f103xe.o(.text)
    DMA2_Channel3_IRQHandler                 0x0800015f   Thumb Code     0  startup_stm32f103xe.o(.text)
    DMA2_Channel4_5_IRQHandler               0x0800015f   Thumb Code     0  startup_stm32f103xe.o(.text)
    EXTI0_IRQHandler                         0x0800015f   Thumb Code     0  startup_stm32f103xe.o(.text)
    EXTI15_10_IRQHandler                     0x0800015f   Thumb Code     0  startup_stm32f103xe.o(.text)
    EXTI1_IRQHandler                         0x0800015f   Thumb Code     0  startup_stm32f103xe.o(.text)
    EXTI2_IRQHandler                         0x0800015f   Thumb Code     0  startup_stm32f103xe.o(.text)
    EXTI3_IRQHandler                         0x0800015f   Thumb Code     0  startup_stm32f103xe.o(.text)
    EXTI4_IRQHandler                         0x0800015f   Thumb Code     0  startup_stm32f103xe.o(.text)
    EXTI9_5_IRQHandler                       0x0800015f   Thumb Code     0  startup_stm32f103xe.o(.text)
    FLASH_IRQHandler                         0x0800015f   Thumb Code     0  startup_stm32f103xe.o(.text)
    FSMC_IRQHandler                          0x0800015f   Thumb Code     0  startup_stm32f103xe.o(.text)
    I2C1_ER_IRQHandler                       0x0800015f   Thumb Code     0  startup_stm32f103xe.o(.text)
    I2C1_EV_IRQHandler                       0x0800015f   Thumb Code     0  startup_stm32f103xe.o(.text)
    I2C2_ER_IRQHandler                       0x0800015f   Thumb Code     0  startup_stm32f103xe.o(.text)
    I2C2_EV_IRQHandler                       0x0800015f   Thumb Code     0  startup_stm32f103xe.o(.text)
    PVD_IRQHandler                           0x0800015f   Thumb Code     0  startup_stm32f103xe.o(.text)
    RCC_IRQHandler                           0x0800015f   Thumb Code     0  startup_stm32f103xe.o(.text)
    RTC_Alarm_IRQHandler                     0x0800015f   Thumb Code     0  startup_stm32f103xe.o(.text)
    RTC_IRQHandler                           0x0800015f   Thumb Code     0  startup_stm32f103xe.o(.text)
    SDIO_IRQHandler                          0x0800015f   Thumb Code     0  startup_stm32f103xe.o(.text)
    SPI1_IRQHandler                          0x0800015f   Thumb Code     0  startup_stm32f103xe.o(.text)
    SPI2_IRQHandler                          0x0800015f   Thumb Code     0  startup_stm32f103xe.o(.text)
    SPI3_IRQHandler                          0x0800015f   Thumb Code     0  startup_stm32f103xe.o(.text)
    TAMPER_IRQHandler                        0x0800015f   Thumb Code     0  startup_stm32f103xe.o(.text)
    TIM1_BRK_IRQHandler                      0x0800015f   Thumb Code     0  startup_stm32f103xe.o(.text)
    TIM1_CC_IRQHandler                       0x0800015f   Thumb Code     0  startup_stm32f103xe.o(.text)
    TIM1_TRG_COM_IRQHandler                  0x0800015f   Thumb Code     0  startup_stm32f103xe.o(.text)
    TIM1_UP_IRQHandler                       0x0800015f   Thumb Code     0  startup_stm32f103xe.o(.text)
    TIM2_IRQHandler                          0x0800015f   Thumb Code     0  startup_stm32f103xe.o(.text)
    TIM3_IRQHandler                          0x0800015f   Thumb Code     0  startup_stm32f103xe.o(.text)
    TIM4_IRQHandler                          0x0800015f   Thumb Code     0  startup_stm32f103xe.o(.text)
    TIM5_IRQHandler                          0x0800015f   Thumb Code     0  startup_stm32f103xe.o(.text)
    TIM6_IRQHandler                          0x0800015f   Thumb Code     0  startup_stm32f103xe.o(.text)
    TIM7_IRQHandler                          0x0800015f   Thumb Code     0  startup_stm32f103xe.o(.text)
    TIM8_BRK_IRQHandler                      0x0800015f   Thumb Code     0  startup_stm32f103xe.o(.text)
    TIM8_CC_IRQHandler                       0x0800015f   Thumb Code     0  startup_stm32f103xe.o(.text)
    TIM8_TRG_COM_IRQHandler                  0x0800015f   Thumb Code     0  startup_stm32f103xe.o(.text)
    TIM8_UP_IRQHandler                       0x0800015f   Thumb Code     0  startup_stm32f103xe.o(.text)
    UART4_IRQHandler                         0x0800015f   Thumb Code     0  startup_stm32f103xe.o(.text)
    UART5_IRQHandler                         0x0800015f   Thumb Code     0  startup_stm32f103xe.o(.text)
    USART2_IRQHandler                        0x0800015f   Thumb Code     0  startup_stm32f103xe.o(.text)
    USART3_IRQHandler                        0x0800015f   Thumb Code     0  startup_stm32f103xe.o(.text)
    USBWakeUp_IRQHandler                     0x0800015f   Thumb Code     0  startup_stm32f103xe.o(.text)
    USB_HP_CAN1_TX_IRQHandler                0x0800015f   Thumb Code     0  startup_stm32f103xe.o(.text)
    USB_LP_CAN1_RX0_IRQHandler               0x0800015f   Thumb Code     0  startup_stm32f103xe.o(.text)
    WWDG_IRQHandler                          0x0800015f   Thumb Code     0  startup_stm32f103xe.o(.text)
    __aeabi_memcpy                           0x08000169   Thumb Code    36  memcpya.o(.text)
    __aeabi_memcpy4                          0x08000169   Thumb Code     0  memcpya.o(.text)
    __aeabi_memcpy8                          0x08000169   Thumb Code     0  memcpya.o(.text)
    __aeabi_memset                           0x0800018d   Thumb Code    14  memseta.o(.text)
    __aeabi_memset4                          0x0800018d   Thumb Code     0  memseta.o(.text)
    __aeabi_memset8                          0x0800018d   Thumb Code     0  memseta.o(.text)
    __aeabi_memclr                           0x0800019b   Thumb Code     4  memseta.o(.text)
    __aeabi_memclr4                          0x0800019b   Thumb Code     0  memseta.o(.text)
    __aeabi_memclr8                          0x0800019b   Thumb Code     0  memseta.o(.text)
    _memset$wrapper                          0x0800019f   Thumb Code    18  memseta.o(.text)
    strcpy                                   0x080001b1   Thumb Code    18  strcpy.o(.text)
    __aeabi_fadd                             0x080001c3   Thumb Code   164  fadd.o(.text)
    __aeabi_fsub                             0x08000267   Thumb Code     6  fadd.o(.text)
    __aeabi_frsub                            0x0800026d   Thumb Code     6  fadd.o(.text)
    __aeabi_fmul                             0x08000273   Thumb Code   100  fmul.o(.text)
    __aeabi_dadd                             0x080002d7   Thumb Code   322  dadd.o(.text)
    __aeabi_dsub                             0x08000419   Thumb Code     6  dadd.o(.text)
    __aeabi_drsub                            0x0800041f   Thumb Code     6  dadd.o(.text)
    __aeabi_dmul                             0x08000425   Thumb Code   228  dmul.o(.text)
    __aeabi_ddiv                             0x08000509   Thumb Code   222  ddiv.o(.text)
    __aeabi_ui2f                             0x080005e7   Thumb Code    10  ffltui.o(.text)
    __aeabi_ui2d                             0x080005f1   Thumb Code    26  dfltui.o(.text)
    __aeabi_f2uiz                            0x0800060b   Thumb Code    40  ffixui.o(.text)
    __aeabi_d2uiz                            0x08000633   Thumb Code    50  dfixui.o(.text)
    __aeabi_f2d                              0x08000665   Thumb Code    38  f2d.o(.text)
    __aeabi_cdcmpeq                          0x0800068d   Thumb Code     0  cdcmple.o(.text)
    __aeabi_cdcmple                          0x0800068d   Thumb Code    48  cdcmple.o(.text)
    __aeabi_cdrcmple                         0x080006bd   Thumb Code    48  cdrcmple.o(.text)
    __aeabi_d2f                              0x080006ed   Thumb Code    56  d2f.o(.text)
    __aeabi_cfrcmple                         0x08000725   Thumb Code    20  cfrcmple.o(.text)
    __aeabi_uidiv                            0x08000739   Thumb Code     0  uidiv.o(.text)
    __aeabi_uidivmod                         0x08000739   Thumb Code    44  uidiv.o(.text)
    __aeabi_uldivmod                         0x08000765   Thumb Code    98  uldiv.o(.text)
    __aeabi_llsl                             0x080007c7   Thumb Code    30  llshl.o(.text)
    _ll_shift_l                              0x080007c7   Thumb Code     0  llshl.o(.text)
    __aeabi_llsr                             0x080007e5   Thumb Code    32  llushr.o(.text)
    _ll_ushift_r                             0x080007e5   Thumb Code     0  llushr.o(.text)
    __aeabi_lasr                             0x08000805   Thumb Code    36  llsshr.o(.text)
    _ll_sshift_r                             0x08000805   Thumb Code     0  llsshr.o(.text)
    __I$use$fp                               0x08000829   Thumb Code     0  iusefp.o(.text)
    _float_round                             0x08000829   Thumb Code    18  fepilogue.o(.text)
    _float_epilogue                          0x0800083b   Thumb Code    92  fepilogue.o(.text)
    _double_round                            0x08000897   Thumb Code    30  depilogue.o(.text)
    _double_epilogue                         0x080008b5   Thumb Code   156  depilogue.o(.text)
    __ARM_scalbn                             0x08000951   Thumb Code    46  dscalb.o(.text)
    scalbn                                   0x08000951   Thumb Code     0  dscalb.o(.text)
    __aeabi_i2d                              0x0800097f   Thumb Code    34  dflti.o(.text)
    __aeabi_d2ulz                            0x080009a1   Thumb Code    48  dfixul.o(.text)
    __scatterload                            0x080009d1   Thumb Code    28  init.o(.text)
    __scatterload_rt2                        0x080009d1   Thumb Code     0  init.o(.text)
    _dsqrt                                   0x080009f5   Thumb Code   162  dsqrt.o(.text)
    ADC_ConversionStop_Disable               0x08000a97   Thumb Code    82  stm32f1xx_hal_adc.o(i.ADC_ConversionStop_Disable)
    ADC_Enable                               0x08000ae9   Thumb Code   122  stm32f1xx_hal_adc.o(i.ADC_Enable)
    BusFault_Handler                         0x08000b6d   Thumb Code     4  stm32f1xx_it.o(i.BusFault_Handler)
    DebugMon_Handler                         0x08000b71   Thumb Code     2  stm32f1xx_it.o(i.DebugMon_Handler)
    FSMC_NORSRAM_Extended_Timing_Init        0x08000b75   Thumb Code    62  stm32f1xx_ll_fsmc.o(i.FSMC_NORSRAM_Extended_Timing_Init)
    FSMC_NORSRAM_Init                        0x08000bb9   Thumb Code   116  stm32f1xx_ll_fsmc.o(i.FSMC_NORSRAM_Init)
    FSMC_NORSRAM_Timing_Init                 0x08000c31   Thumb Code    66  stm32f1xx_ll_fsmc.o(i.FSMC_NORSRAM_Timing_Init)
    HAL_ADCEx_Calibration_Start              0x08000c75   Thumb Code   256  stm32f1xx_hal_adc_ex.o(i.HAL_ADCEx_Calibration_Start)
    HAL_ADC_ConfigChannel                    0x08000d79   Thumb Code   338  stm32f1xx_hal_adc.o(i.HAL_ADC_ConfigChannel)
    HAL_ADC_GetState                         0x08000ed9   Thumb Code     6  stm32f1xx_hal_adc.o(i.HAL_ADC_GetState)
    HAL_ADC_GetValue                         0x08000edf   Thumb Code     8  stm32f1xx_hal_adc.o(i.HAL_ADC_GetValue)
    HAL_ADC_Init                             0x08000ee9   Thumb Code   340  stm32f1xx_hal_adc.o(i.HAL_ADC_Init)
    HAL_ADC_MspInit                          0x08001049   Thumb Code     2  stm32f1xx_hal_adc.o(i.HAL_ADC_MspInit)
    HAL_ADC_PollForConversion                0x0800104d   Thumb Code   350  stm32f1xx_hal_adc.o(i.HAL_ADC_PollForConversion)
    HAL_ADC_Start                            0x080011bd   Thumb Code   294  stm32f1xx_hal_adc.o(i.HAL_ADC_Start)
    HAL_DMA_Abort_IT                         0x080012ed   Thumb Code   414  stm32f1xx_hal_dma.o(i.HAL_DMA_Abort_IT)
    HAL_GPIO_Init                            0x08001495   Thumb Code   792  stm32f1xx_hal_gpio.o(i.HAL_GPIO_Init)
    HAL_GPIO_ReadPin                         0x080017d5   Thumb Code    16  stm32f1xx_hal_gpio.o(i.HAL_GPIO_ReadPin)
    HAL_GPIO_TogglePin                       0x080017e5   Thumb Code    20  stm32f1xx_hal_gpio.o(i.HAL_GPIO_TogglePin)
    HAL_GPIO_WritePin                        0x080017f9   Thumb Code    12  stm32f1xx_hal_gpio.o(i.HAL_GPIO_WritePin)
    HAL_GetTick                              0x08001805   Thumb Code     6  stm32f1xx_hal.o(i.HAL_GetTick)
    HAL_IncTick                              0x08001811   Thumb Code    16  stm32f1xx_hal.o(i.HAL_IncTick)
    HAL_Init                                 0x08001829   Thumb Code    34  stm32f1xx_hal.o(i.HAL_Init)
    HAL_InitTick                             0x08001851   Thumb Code    64  stm32f1xx_hal.o(i.HAL_InitTick)
    HAL_MspInit                              0x0800189d   Thumb Code     2  stm32f1xx_hal.o(i.HAL_MspInit)
    HAL_NVIC_EnableIRQ                       0x0800189f   Thumb Code    32  stm32f1xx_hal_cortex.o(i.HAL_NVIC_EnableIRQ)
    HAL_NVIC_SetPriority                     0x080018bf   Thumb Code   124  stm32f1xx_hal_cortex.o(i.HAL_NVIC_SetPriority)
    HAL_NVIC_SetPriorityGrouping             0x0800193d   Thumb Code    32  stm32f1xx_hal_cortex.o(i.HAL_NVIC_SetPriorityGrouping)
    HAL_RCCEx_GetPeriphCLKFreq               0x08001965   Thumb Code   276  stm32f1xx_hal_rcc_ex.o(i.HAL_RCCEx_GetPeriphCLKFreq)
    HAL_RCC_ClockConfig                      0x08001a99   Thumb Code   376  stm32f1xx_hal_rcc.o(i.HAL_RCC_ClockConfig)
    HAL_RCC_GetHCLKFreq                      0x08001c25   Thumb Code     6  stm32f1xx_hal_rcc.o(i.HAL_RCC_GetHCLKFreq)
    HAL_RCC_GetPCLK1Freq                     0x08001c31   Thumb Code    22  stm32f1xx_hal_rcc.o(i.HAL_RCC_GetPCLK1Freq)
    HAL_RCC_GetPCLK2Freq                     0x08001c51   Thumb Code    22  stm32f1xx_hal_rcc.o(i.HAL_RCC_GetPCLK2Freq)
    HAL_RCC_GetSysClockFreq                  0x08001c71   Thumb Code   116  stm32f1xx_hal_rcc.o(i.HAL_RCC_GetSysClockFreq)
    HAL_RCC_OscConfig                        0x08001d05   Thumb Code  1114  stm32f1xx_hal_rcc.o(i.HAL_RCC_OscConfig)
    HAL_SRAM_Init                            0x08002169   Thumb Code   102  stm32f1xx_hal_sram.o(i.HAL_SRAM_Init)
    HAL_SRAM_MspInit                         0x080021d1   Thumb Code   130  lcd.o(i.HAL_SRAM_MspInit)
    HAL_SYSTICK_Config                       0x08002261   Thumb Code    52  stm32f1xx_hal_cortex.o(i.HAL_SYSTICK_Config)
    HAL_TIMEx_MasterConfigSynchronization    0x08002295   Thumb Code   134  stm32f1xx_hal_tim_ex.o(i.HAL_TIMEx_MasterConfigSynchronization)
    HAL_TIM_Base_Init                        0x08002331   Thumb Code   102  stm32f1xx_hal_tim.o(i.HAL_TIM_Base_Init)
    HAL_TIM_Base_MspInit                     0x08002397   Thumb Code     2  stm32f1xx_hal_tim.o(i.HAL_TIM_Base_MspInit)
    HAL_TIM_ConfigClockSource                0x08002399   Thumb Code   264  stm32f1xx_hal_tim.o(i.HAL_TIM_ConfigClockSource)
    HAL_TIM_PWM_ConfigChannel                0x080024a1   Thumb Code   252  stm32f1xx_hal_tim.o(i.HAL_TIM_PWM_ConfigChannel)
    HAL_TIM_PWM_Init                         0x0800259d   Thumb Code   102  stm32f1xx_hal_tim.o(i.HAL_TIM_PWM_Init)
    HAL_TIM_PWM_MspInit                      0x08002603   Thumb Code     2  stm32f1xx_hal_tim.o(i.HAL_TIM_PWM_MspInit)
    HAL_TIM_PWM_Start                        0x08002605   Thumb Code   222  stm32f1xx_hal_tim.o(i.HAL_TIM_PWM_Start)
    HAL_TIM_PWM_Stop                         0x080026f9   Thumb Code   160  stm32f1xx_hal_tim.o(i.HAL_TIM_PWM_Stop)
    HAL_UART_ErrorCallback                   0x080027a1   Thumb Code     2  stm32f1xx_hal_uart.o(i.HAL_UART_ErrorCallback)
    HAL_UART_IRQHandler                      0x080027a5   Thumb Code   334  stm32f1xx_hal_uart.o(i.HAL_UART_IRQHandler)
    HAL_UART_Init                            0x080028f9   Thumb Code   114  stm32f1xx_hal_uart.o(i.HAL_UART_Init)
    HAL_UART_MspInit                         0x0800296d   Thumb Code   168  usart.o(i.HAL_UART_MspInit)
    HAL_UART_Receive_IT                      0x08002a21   Thumb Code   112  stm32f1xx_hal_uart.o(i.HAL_UART_Receive_IT)
    HAL_UART_RxCpltCallback                  0x08002a91   Thumb Code   134  usart.o(i.HAL_UART_RxCpltCallback)
    HAL_UART_Transmit                        0x08002b2d   Thumb Code   210  stm32f1xx_hal_uart.o(i.HAL_UART_Transmit)
    HAL_UART_TxCpltCallback                  0x08002bff   Thumb Code     2  stm32f1xx_hal_uart.o(i.HAL_UART_TxCpltCallback)
    HardFault_Handler                        0x08002c01   Thumb Code     4  stm32f1xx_it.o(i.HardFault_Handler)
    MemManage_Handler                        0x08002c05   Thumb Code     4  stm32f1xx_it.o(i.MemManage_Handler)
    NMI_Handler                              0x08002c09   Thumb Code     2  stm32f1xx_it.o(i.NMI_Handler)
    PendSV_Handler                           0x08002c0b   Thumb Code     2  stm32f1xx_it.o(i.PendSV_Handler)
    SVC_Handler                              0x08002c35   Thumb Code     2  stm32f1xx_it.o(i.SVC_Handler)
    SysTick_Handler                          0x08002c37   Thumb Code     8  stm32f1xx_it.o(i.SysTick_Handler)
    SystemInit                               0x08002c3f   Thumb Code     2  system_stm32f1xx.o(i.SystemInit)
    TIM_Base_SetConfig                       0x08002c41   Thumb Code   134  stm32f1xx_hal_tim.o(i.TIM_Base_SetConfig)
    TIM_CCxChannelCmd                        0x08002cdd   Thumb Code    34  stm32f1xx_hal_tim.o(i.TIM_CCxChannelCmd)
    TIM_ETR_SetConfig                        0x08002cff   Thumb Code    22  stm32f1xx_hal_tim.o(i.TIM_ETR_SetConfig)
    TIM_OC2_SetConfig                        0x08002d99   Thumb Code   114  stm32f1xx_hal_tim.o(i.TIM_OC2_SetConfig)
    USART1_IRQHandler                        0x080031ed   Thumb Code    10  usart.o(i.USART1_IRQHandler)
    UsageFault_Handler                       0x080031fd   Thumb Code     4  stm32f1xx_it.o(i.UsageFault_Handler)
    __0printf                                0x08003201   Thumb Code    22  printfa.o(i.__0printf)
    __1printf                                0x08003201   Thumb Code     0  printfa.o(i.__0printf)
    __2printf                                0x08003201   Thumb Code     0  printfa.o(i.__0printf)
    __c89printf                              0x08003201   Thumb Code     0  printfa.o(i.__0printf)
    printf                                   0x08003201   Thumb Code     0  printfa.o(i.__0printf)
    __0sprintf                               0x08003221   Thumb Code    34  printfa.o(i.__0sprintf)
    __1sprintf                               0x08003221   Thumb Code     0  printfa.o(i.__0sprintf)
    __2sprintf                               0x08003221   Thumb Code     0  printfa.o(i.__0sprintf)
    __c89sprintf                             0x08003221   Thumb Code     0  printfa.o(i.__0sprintf)
    sprintf                                  0x08003221   Thumb Code     0  printfa.o(i.__0sprintf)
    __ARM_fpclassify                         0x08003249   Thumb Code    40  fpclassify.o(i.__ARM_fpclassify)
    __kernel_poly                            0x080032a9   Thumb Code   170  poly.o(i.__kernel_poly)
    __mathlib_dbl_divzero                    0x08003355   Thumb Code    12  dunder.o(i.__mathlib_dbl_divzero)
    __mathlib_dbl_infnan2                    0x08003365   Thumb Code     4  dunder.o(i.__mathlib_dbl_infnan2)
    __mathlib_dbl_invalid                    0x08003369   Thumb Code    12  dunder.o(i.__mathlib_dbl_invalid)
    __mathlib_dbl_overflow                   0x08003375   Thumb Code    14  dunder.o(i.__mathlib_dbl_overflow)
    __mathlib_dbl_underflow                  0x08003385   Thumb Code    10  dunder.o(i.__mathlib_dbl_underflow)
    __scatterload_copy                       0x08003395   Thumb Code    14  handlers.o(i.__scatterload_copy)
    __scatterload_null                       0x080033a3   Thumb Code     2  handlers.o(i.__scatterload_null)
    __scatterload_zeroinit                   0x080033a5   Thumb Code    14  handlers.o(i.__scatterload_zeroinit)
    __set_errno                              0x080033b5   Thumb Code     6  errno.o(i.__set_errno)
    beep_alarm_handler                       0x08003c5d   Thumb Code   276  beep.o(i.beep_alarm_handler)
    beep_init                                0x08003d89   Thumb Code   200  beep.o(i.beep_init)
    beep_off                                 0x08003e65   Thumb Code    12  beep.o(i.beep_off)
    beep_on                                  0x08003e75   Thumb Code    12  beep.o(i.beep_on)
    beep_set_freq                            0x08003e85   Thumb Code    58  beep.o(i.beep_set_freq)
    delay_init                               0x08003ec9   Thumb Code     6  delay.o(i.delay_init)
    delay_ms                                 0x08003ed5   Thumb Code    18  delay.o(i.delay_ms)
    delay_us                                 0x08003ee9   Thumb Code    68  delay.o(i.delay_us)
    dht11_check                              0x08003f31   Thumb Code    82  dht11.o(i.dht11_check)
    dht11_init                               0x08003f89   Thumb Code    72  dht11.o(i.dht11_init)
    dht11_read_bit                           0x08003fd9   Thumb Code    88  dht11.o(i.dht11_read_bit)
    dht11_read_data                          0x08004053   Thumb Code    88  dht11.o(i.dht11_read_data)
    fputc                                    0x080040e1   Thumb Code    24  usart.o(i.fputc)
    gp2y1014au_get_adc_average               0x080040fd   Thumb Code    32  gp2y1014au.o(i.gp2y1014au_get_adc_average)
    gp2y1014au_get_adc_value                 0x0800411d   Thumb Code    86  gp2y1014au.o(i.gp2y1014au_get_adc_value)
    gp2y1014au_get_dust_density              0x0800417d   Thumb Code   150  gp2y1014au.o(i.gp2y1014au_get_dust_density)
    gp2y1014au_init                          0x08004229   Thumb Code   210  gp2y1014au.o(i.gp2y1014au_init)
    lcd_clear                                0x08004311   Thumb Code    42  lcd.o(i.lcd_clear)
    lcd_display_dir                          0x08004345   Thumb Code   360  lcd.o(i.lcd_display_dir)
    lcd_draw_point                           0x080044b1   Thumb Code    26  lcd.o(i.lcd_draw_point)
    lcd_ex_ili9341_reginit                   0x080044d1   Thumb Code   556  lcd.o(i.lcd_ex_ili9341_reginit)
    lcd_ex_ili9806_reginit                   0x080046fd   Thumb Code   832  lcd.o(i.lcd_ex_ili9806_reginit)
    lcd_ex_nt35310_reginit                   0x08004a3d   Thumb Code  3826  lcd.o(i.lcd_ex_nt35310_reginit)
    lcd_ex_nt35510_reginit                   0x0800592f   Thumb Code  3836  lcd.o(i.lcd_ex_nt35510_reginit)
    lcd_ex_ssd1963_reginit                   0x0800682b   Thumb Code   366  lcd.o(i.lcd_ex_ssd1963_reginit)
    lcd_ex_st7789_reginit                    0x08006999   Thumb Code   424  lcd.o(i.lcd_ex_st7789_reginit)
    lcd_ex_st7796_reginit                    0x08006b41   Thumb Code   454  lcd.o(i.lcd_ex_st7796_reginit)
    lcd_fill                                 0x08006d09   Thumb Code    80  lcd.o(i.lcd_fill)
    lcd_init                                 0x08006d5d   Thumb Code  1120  lcd.o(i.lcd_init)
    lcd_scan_dir                             0x08007201   Thumb Code   568  lcd.o(i.lcd_scan_dir)
    lcd_set_cursor                           0x0800743d   Thumb Code   282  lcd.o(i.lcd_set_cursor)
    lcd_show_char                            0x0800755d   Thumb Code   294  lcd.o(i.lcd_show_char)
    lcd_show_num                             0x0800769d   Thumb Code   152  lcd.o(i.lcd_show_num)
    lcd_show_string                          0x08007735   Thumb Code   106  lcd.o(i.lcd_show_string)
    lcd_ssd_backlight_set                    0x080077a1   Thumb Code    80  lcd.o(i.lcd_ssd_backlight_set)
    lcd_wr_data                              0x080077f5   Thumb Code    18  lcd.o(i.lcd_wr_data)
    lcd_wr_regno                             0x0800780d   Thumb Code    18  lcd.o(i.lcd_wr_regno)
    lcd_write_ram_prepare                    0x08007825   Thumb Code    10  lcd.o(i.lcd_write_ram_prepare)
    lcd_write_reg                            0x08007839   Thumb Code    10  lcd.o(i.lcd_write_reg)
    led_init                                 0x08007849   Thumb Code   132  led.o(i.led_init)
    main                                     0x080078d9   Thumb Code  1404  main.o(i.main)
    mq7_get_adc_average                      0x08007e59   Thumb Code    38  mq7.o(i.mq7_get_adc_average)
    mq7_get_adc_value                        0x08007e81   Thumb Code    42  mq7.o(i.mq7_get_adc_value)
    mq7_get_co_ppm                           0x08007eb1   Thumb Code   154  mq7.o(i.mq7_get_co_ppm)
    mq7_init                                 0x08007f71   Thumb Code   146  mq7.o(i.mq7_init)
    pow                                      0x08008015   Thumb Code  2512  pow.o(i.pow)
    sensor_uart3_init                        0x080089ed   Thumb Code   134  sensor_uart3.o(i.sensor_uart3_init)
    sensor_uart3_send_data                   0x08008a85   Thumb Code   216  sensor_uart3.o(i.sensor_uart3_send_data)
    sensor_uart_send_data                    0x08008c01   Thumb Code   216  sensor_uart.o(i.sensor_uart_send_data)
    sqrt                                     0x08008d7d   Thumb Code    76  sqrt.o(i.sqrt)
    sys_stm32_clock_init                     0x08008dc9   Thumb Code   102  sys.o(i.sys_stm32_clock_init)
    usart_init                               0x08008e31   Thumb Code    44  usart.o(i.usart_init)
    AHBPrescTable                            0x08008e68   Data          16  system_stm32f1xx.o(.constdata)
    APBPrescTable                            0x08008e78   Data           8  system_stm32f1xx.o(.constdata)
    asc2_1206                                0x08008e80   Data        1140  lcd.o(.constdata)
    asc2_1608                                0x080092f4   Data        1520  lcd.o(.constdata)
    asc2_2412                                0x080098e4   Data        3420  lcd.o(.constdata)
    asc2_3216                                0x0800a640   Data        6080  lcd.o(.constdata)
    __mathlib_zero                           0x0800beb0   Data           8  qnan.o(.constdata)
    Region$$Table$$Base                      0x0800beb8   Number         0  anon$$obj.o(Region$$Table)
    Region$$Table$$Limit                     0x0800bed8   Number         0  anon$$obj.o(Region$$Table)
    SystemCoreClock                          0x20000000   Data           4  system_stm32f1xx.o(.data)
    __stdout                                 0x20000008   Data           4  usart.o(.data)
    g_usart_rx_sta                           0x2000000c   Data           2  usart.o(.data)
    g_rx_buffer                              0x2000000e   Data           1  usart.o(.data)
    uwTick                                   0x20000010   Data           4  stm32f1xx_hal.o(.data)
    uwTickPrio                               0x20000014   Data           4  stm32f1xx_hal.o(.data)
    uwTickFreq                               0x20000018   Data           1  stm32f1xx_hal.o(.data)
    g_point_color                            0x2000001c   Data           4  lcd.o(.data)
    g_back_color                             0x20000020   Data           4  lcd.o(.data)
    g_current_alarm                          0x20000024   Data           1  beep.o(.data)
    g_usart_rx_buf                           0x2000002c   Data         200  usart.o(.bss)
    g_uart1_handle                           0x200000f4   Data          64  usart.o(.bss)
    g_sram_handle                            0x20000134   Data          72  lcd.o(.bss)
    lcddev                                   0x2000017c   Data          14  lcd.o(.bss)
    g_uart3_handle                           0x200001ec   Data          64  sensor_uart3.o(.bss)
    __initial_sp                             0x20000690   Data           0  startup_stm32f103xe.o(STACK)



==============================================================================

Memory Map of the image

  Image Entry point : 0x08000131

  Load Region LR_IROM1 (Base: 0x08000000, Size: 0x0000bf04, Max: 0x00080000, ABSOLUTE)

    Execution Region ER_IROM1 (Base: 0x08000000, Size: 0x0000bed8, Max: 0x00080000, ABSOLUTE)

    Base Addr    Size         Type   Attr      Idx    E Section Name        Object

    0x08000000   0x00000130   Data   RO            3    RESET               startup_stm32f103xe.o
    0x08000130   0x00000000   Code   RO         4715  * .ARM.Collect$$$$00000000  mc_w.l(entry.o)
    0x08000130   0x00000004   Code   RO         5042    .ARM.Collect$$$$00000001  mc_w.l(entry2.o)
    0x08000134   0x00000004   Code   RO         5045    .ARM.Collect$$$$00000004  mc_w.l(entry5.o)
    0x08000138   0x00000000   Code   RO         5047    .ARM.Collect$$$$00000008  mc_w.l(entry7b.o)
    0x08000138   0x00000000   Code   RO         5049    .ARM.Collect$$$$0000000A  mc_w.l(entry8b.o)
    0x08000138   0x00000008   Code   RO         5050    .ARM.Collect$$$$0000000B  mc_w.l(entry9a.o)
    0x08000140   0x00000000   Code   RO         5052    .ARM.Collect$$$$0000000D  mc_w.l(entry10a.o)
    0x08000140   0x00000000   Code   RO         5054    .ARM.Collect$$$$0000000F  mc_w.l(entry11a.o)
    0x08000140   0x00000004   Code   RO         5043    .ARM.Collect$$$$00002712  mc_w.l(entry2.o)
    0x08000144   0x00000024   Code   RO            4    .text               startup_stm32f103xe.o
    0x08000168   0x00000024   Code   RO         4718    .text               mc_w.l(memcpya.o)
    0x0800018c   0x00000024   Code   RO         4720    .text               mc_w.l(memseta.o)
    0x080001b0   0x00000012   Code   RO         4722    .text               mc_w.l(strcpy.o)
    0x080001c2   0x000000b0   Code   RO         4987    .text               mf_w.l(fadd.o)
    0x08000272   0x00000064   Code   RO         4989    .text               mf_w.l(fmul.o)
    0x080002d6   0x0000014e   Code   RO         4991    .text               mf_w.l(dadd.o)
    0x08000424   0x000000e4   Code   RO         4993    .text               mf_w.l(dmul.o)
    0x08000508   0x000000de   Code   RO         4995    .text               mf_w.l(ddiv.o)
    0x080005e6   0x0000000a   Code   RO         4997    .text               mf_w.l(ffltui.o)
    0x080005f0   0x0000001a   Code   RO         4999    .text               mf_w.l(dfltui.o)
    0x0800060a   0x00000028   Code   RO         5001    .text               mf_w.l(ffixui.o)
    0x08000632   0x00000032   Code   RO         5003    .text               mf_w.l(dfixui.o)
    0x08000664   0x00000026   Code   RO         5005    .text               mf_w.l(f2d.o)
    0x0800068a   0x00000002   PAD
    0x0800068c   0x00000030   Code   RO         5007    .text               mf_w.l(cdcmple.o)
    0x080006bc   0x00000030   Code   RO         5009    .text               mf_w.l(cdrcmple.o)
    0x080006ec   0x00000038   Code   RO         5011    .text               mf_w.l(d2f.o)
    0x08000724   0x00000014   Code   RO         5013    .text               mf_w.l(cfrcmple.o)
    0x08000738   0x0000002c   Code   RO         5056    .text               mc_w.l(uidiv.o)
    0x08000764   0x00000062   Code   RO         5058    .text               mc_w.l(uldiv.o)
    0x080007c6   0x0000001e   Code   RO         5060    .text               mc_w.l(llshl.o)
    0x080007e4   0x00000020   Code   RO         5062    .text               mc_w.l(llushr.o)
    0x08000804   0x00000024   Code   RO         5064    .text               mc_w.l(llsshr.o)
    0x08000828   0x00000000   Code   RO         5073    .text               mc_w.l(iusefp.o)
    0x08000828   0x0000006e   Code   RO         5074    .text               mf_w.l(fepilogue.o)
    0x08000896   0x000000ba   Code   RO         5076    .text               mf_w.l(depilogue.o)
    0x08000950   0x0000002e   Code   RO         5078    .text               mf_w.l(dscalb.o)
    0x0800097e   0x00000022   Code   RO         5080    .text               mf_w.l(dflti.o)
    0x080009a0   0x00000030   Code   RO         5082    .text               mf_w.l(dfixul.o)
    0x080009d0   0x00000024   Code   RO         5084    .text               mc_w.l(init.o)
    0x080009f4   0x000000a2   Code   RO         5086    .text               mf_w.l(dsqrt.o)
    0x08000a96   0x00000052   Code   RO         3304    i.ADC_ConversionStop_Disable  stm32f1xx_hal_adc.o
    0x08000ae8   0x00000084   Code   RO         3308    i.ADC_Enable        stm32f1xx_hal_adc.o
    0x08000b6c   0x00000004   Code   RO          304    i.BusFault_Handler  stm32f1xx_it.o
    0x08000b70   0x00000002   Code   RO          305    i.DebugMon_Handler  stm32f1xx_it.o
    0x08000b72   0x00000002   PAD
    0x08000b74   0x00000044   Code   RO         2202    i.FSMC_NORSRAM_Extended_Timing_Init  stm32f1xx_ll_fsmc.o
    0x08000bb8   0x00000078   Code   RO         2203    i.FSMC_NORSRAM_Init  stm32f1xx_ll_fsmc.o
    0x08000c30   0x00000042   Code   RO         2204    i.FSMC_NORSRAM_Timing_Init  stm32f1xx_ll_fsmc.o
    0x08000c72   0x00000002   PAD
    0x08000c74   0x00000104   Code   RO         3484    i.HAL_ADCEx_Calibration_Start  stm32f1xx_hal_adc_ex.o
    0x08000d78   0x00000160   Code   RO         3310    i.HAL_ADC_ConfigChannel  stm32f1xx_hal_adc.o
    0x08000ed8   0x00000006   Code   RO         3316    i.HAL_ADC_GetState  stm32f1xx_hal_adc.o
    0x08000ede   0x00000008   Code   RO         3317    i.HAL_ADC_GetValue  stm32f1xx_hal_adc.o
    0x08000ee6   0x00000002   PAD
    0x08000ee8   0x00000160   Code   RO         3319    i.HAL_ADC_Init      stm32f1xx_hal_adc.o
    0x08001048   0x00000002   Code   RO         3322    i.HAL_ADC_MspInit   stm32f1xx_hal_adc.o
    0x0800104a   0x00000002   PAD
    0x0800104c   0x00000170   Code   RO         3323    i.HAL_ADC_PollForConversion  stm32f1xx_hal_adc.o
    0x080011bc   0x00000130   Code   RO         3325    i.HAL_ADC_Start     stm32f1xx_hal_adc.o
    0x080012ec   0x000001a8   Code   RO          999    i.HAL_DMA_Abort_IT  stm32f1xx_hal_dma.o
    0x08001494   0x00000340   Code   RO         1095    i.HAL_GPIO_Init     stm32f1xx_hal_gpio.o
    0x080017d4   0x00000010   Code   RO         1097    i.HAL_GPIO_ReadPin  stm32f1xx_hal_gpio.o
    0x080017e4   0x00000014   Code   RO         1098    i.HAL_GPIO_TogglePin  stm32f1xx_hal_gpio.o
    0x080017f8   0x0000000c   Code   RO         1099    i.HAL_GPIO_WritePin  stm32f1xx_hal_gpio.o
    0x08001804   0x0000000c   Code   RO          712    i.HAL_GetTick       stm32f1xx_hal.o
    0x08001810   0x00000018   Code   RO          718    i.HAL_IncTick       stm32f1xx_hal.o
    0x08001828   0x00000028   Code   RO          719    i.HAL_Init          stm32f1xx_hal.o
    0x08001850   0x0000004c   Code   RO          720    i.HAL_InitTick      stm32f1xx_hal.o
    0x0800189c   0x00000002   Code   RO          722    i.HAL_MspInit       stm32f1xx_hal.o
    0x0800189e   0x00000020   Code   RO          877    i.HAL_NVIC_EnableIRQ  stm32f1xx_hal_cortex.o
    0x080018be   0x0000007c   Code   RO          883    i.HAL_NVIC_SetPriority  stm32f1xx_hal_cortex.o
    0x0800193a   0x00000002   PAD
    0x0800193c   0x00000028   Code   RO          884    i.HAL_NVIC_SetPriorityGrouping  stm32f1xx_hal_cortex.o
    0x08001964   0x00000134   Code   RO         1427    i.HAL_RCCEx_GetPeriphCLKFreq  stm32f1xx_hal_rcc_ex.o
    0x08001a98   0x0000018c   Code   RO         1320    i.HAL_RCC_ClockConfig  stm32f1xx_hal_rcc.o
    0x08001c24   0x0000000c   Code   RO         1325    i.HAL_RCC_GetHCLKFreq  stm32f1xx_hal_rcc.o
    0x08001c30   0x00000020   Code   RO         1327    i.HAL_RCC_GetPCLK1Freq  stm32f1xx_hal_rcc.o
    0x08001c50   0x00000020   Code   RO         1328    i.HAL_RCC_GetPCLK2Freq  stm32f1xx_hal_rcc.o
    0x08001c70   0x00000094   Code   RO         1329    i.HAL_RCC_GetSysClockFreq  stm32f1xx_hal_rcc.o
    0x08001d04   0x00000464   Code   RO         1332    i.HAL_RCC_OscConfig  stm32f1xx_hal_rcc.o
    0x08002168   0x00000066   Code   RO         2063    i.HAL_SRAM_Init     stm32f1xx_hal_sram.o
    0x080021ce   0x00000002   PAD
    0x080021d0   0x00000090   Code   RO         4180    i.HAL_SRAM_MspInit  lcd.o
    0x08002260   0x00000034   Code   RO          888    i.HAL_SYSTICK_Config  stm32f1xx_hal_cortex.o
    0x08002294   0x0000009c   Code   RO         3056    i.HAL_TIMEx_MasterConfigSynchronization  stm32f1xx_hal_tim_ex.o
    0x08002330   0x00000066   Code   RO         2322    i.HAL_TIM_Base_Init  stm32f1xx_hal_tim.o
    0x08002396   0x00000002   Code   RO         2324    i.HAL_TIM_Base_MspInit  stm32f1xx_hal_tim.o
    0x08002398   0x00000108   Code   RO         2331    i.HAL_TIM_ConfigClockSource  stm32f1xx_hal_tim.o
    0x080024a0   0x000000fc   Code   RO         2394    i.HAL_TIM_PWM_ConfigChannel  stm32f1xx_hal_tim.o
    0x0800259c   0x00000066   Code   RO         2397    i.HAL_TIM_PWM_Init  stm32f1xx_hal_tim.o
    0x08002602   0x00000002   Code   RO         2399    i.HAL_TIM_PWM_MspInit  stm32f1xx_hal_tim.o
    0x08002604   0x000000f4   Code   RO         2402    i.HAL_TIM_PWM_Start  stm32f1xx_hal_tim.o
    0x080026f8   0x000000a8   Code   RO         2405    i.HAL_TIM_PWM_Stop  stm32f1xx_hal_tim.o
    0x080027a0   0x00000002   Code   RO         1483    i.HAL_UART_ErrorCallback  stm32f1xx_hal_uart.o
    0x080027a2   0x00000002   PAD
    0x080027a4   0x00000154   Code   RO         1486    i.HAL_UART_IRQHandler  stm32f1xx_hal_uart.o
    0x080028f8   0x00000072   Code   RO         1487    i.HAL_UART_Init     stm32f1xx_hal_uart.o
    0x0800296a   0x00000002   PAD
    0x0800296c   0x000000b4   Code   RO          624    i.HAL_UART_MspInit  usart.o
    0x08002a20   0x00000070   Code   RO         1492    i.HAL_UART_Receive_IT  stm32f1xx_hal_uart.o
    0x08002a90   0x0000009c   Code   RO          625    i.HAL_UART_RxCpltCallback  usart.o
    0x08002b2c   0x000000d2   Code   RO         1495    i.HAL_UART_Transmit  stm32f1xx_hal_uart.o
    0x08002bfe   0x00000002   Code   RO         1498    i.HAL_UART_TxCpltCallback  stm32f1xx_hal_uart.o
    0x08002c00   0x00000004   Code   RO          306    i.HardFault_Handler  stm32f1xx_it.o
    0x08002c04   0x00000004   Code   RO          307    i.MemManage_Handler  stm32f1xx_it.o
    0x08002c08   0x00000002   Code   RO          308    i.NMI_Handler       stm32f1xx_it.o
    0x08002c0a   0x00000002   Code   RO          309    i.PendSV_Handler    stm32f1xx_it.o
    0x08002c0c   0x00000028   Code   RO         1333    i.RCC_Delay         stm32f1xx_hal_rcc.o
    0x08002c34   0x00000002   Code   RO          310    i.SVC_Handler       stm32f1xx_it.o
    0x08002c36   0x00000008   Code   RO          311    i.SysTick_Handler   stm32f1xx_it.o
    0x08002c3e   0x00000002   Code   RO          268    i.SystemInit        system_stm32f1xx.o
    0x08002c40   0x0000009c   Code   RO         2415    i.TIM_Base_SetConfig  stm32f1xx_hal_tim.o
    0x08002cdc   0x00000022   Code   RO         2416    i.TIM_CCxChannelCmd  stm32f1xx_hal_tim.o
    0x08002cfe   0x00000016   Code   RO         2426    i.TIM_ETR_SetConfig  stm32f1xx_hal_tim.o
    0x08002d14   0x00000012   Code   RO         2427    i.TIM_ITRx_SetConfig  stm32f1xx_hal_tim.o
    0x08002d26   0x00000002   PAD
    0x08002d28   0x00000070   Code   RO         2428    i.TIM_OC1_SetConfig  stm32f1xx_hal_tim.o
    0x08002d98   0x0000007c   Code   RO         2429    i.TIM_OC2_SetConfig  stm32f1xx_hal_tim.o
    0x08002e14   0x00000078   Code   RO         2430    i.TIM_OC3_SetConfig  stm32f1xx_hal_tim.o
    0x08002e8c   0x00000054   Code   RO         2431    i.TIM_OC4_SetConfig  stm32f1xx_hal_tim.o
    0x08002ee0   0x00000026   Code   RO         2433    i.TIM_TI1_ConfigInputStage  stm32f1xx_hal_tim.o
    0x08002f06   0x00000028   Code   RO         2435    i.TIM_TI2_ConfigInputStage  stm32f1xx_hal_tim.o
    0x08002f2e   0x00000014   Code   RO         1500    i.UART_DMAAbortOnError  stm32f1xx_hal_uart.o
    0x08002f42   0x00000020   Code   RO         1510    i.UART_EndRxTransfer  stm32f1xx_hal_uart.o
    0x08002f62   0x00000020   Code   RO         1511    i.UART_EndTransmit_IT  stm32f1xx_hal_uart.o
    0x08002f82   0x000000a0   Code   RO         1513    i.UART_Receive_IT   stm32f1xx_hal_uart.o
    0x08003022   0x00000002   PAD
    0x08003024   0x000000fc   Code   RO         1514    i.UART_SetConfig    stm32f1xx_hal_uart.o
    0x08003120   0x00000060   Code   RO         1515    i.UART_Transmit_IT  stm32f1xx_hal_uart.o
    0x08003180   0x0000006c   Code   RO         1516    i.UART_WaitOnFlagUntilTimeout  stm32f1xx_hal_uart.o
    0x080031ec   0x00000010   Code   RO          626    i.USART1_IRQHandler  usart.o
    0x080031fc   0x00000004   Code   RO          312    i.UsageFault_Handler  stm32f1xx_it.o
    0x08003200   0x00000020   Code   RO         4959    i.__0printf         mc_w.l(printfa.o)
    0x08003220   0x00000028   Code   RO         4961    i.__0sprintf        mc_w.l(printfa.o)
    0x08003248   0x00000028   Code   RO         5029    i.__ARM_fpclassify  m_ws.l(fpclassify.o)
    0x08003270   0x00000010   Code   RO          890    i.__NVIC_GetPriorityGrouping  stm32f1xx_hal_cortex.o
    0x08003280   0x00000028   Code   RO          891    i.__NVIC_SetPriority  stm32f1xx_hal_cortex.o
    0x080032a8   0x000000aa   Code   RO         5031    i.__kernel_poly     m_ws.l(poly.o)
    0x08003352   0x00000002   PAD
    0x08003354   0x00000010   Code   RO         5015    i.__mathlib_dbl_divzero  m_ws.l(dunder.o)
    0x08003364   0x00000004   Code   RO         5017    i.__mathlib_dbl_infnan2  m_ws.l(dunder.o)
    0x08003368   0x0000000c   Code   RO         5018    i.__mathlib_dbl_invalid  m_ws.l(dunder.o)
    0x08003374   0x0000000e   Code   RO         5019    i.__mathlib_dbl_overflow  m_ws.l(dunder.o)
    0x08003382   0x00000002   PAD
    0x08003384   0x00000010   Code   RO         5021    i.__mathlib_dbl_underflow  m_ws.l(dunder.o)
    0x08003394   0x0000000e   Code   RO         5090    i.__scatterload_copy  mc_w.l(handlers.o)
    0x080033a2   0x00000002   Code   RO         5091    i.__scatterload_null  mc_w.l(handlers.o)
    0x080033a4   0x0000000e   Code   RO         5092    i.__scatterload_zeroinit  mc_w.l(handlers.o)
    0x080033b2   0x00000002   PAD
    0x080033b4   0x0000000c   Code   RO         5068    i.__set_errno       mc_w.l(errno.o)
    0x080033c0   0x00000164   Code   RO         4966    i._fp_digits        mc_w.l(printfa.o)
    0x08003524   0x000006dc   Code   RO         4967    i._printf_core      mc_w.l(printfa.o)
    0x08003c00   0x00000024   Code   RO         4968    i._printf_post_padding  mc_w.l(printfa.o)
    0x08003c24   0x0000002e   Code   RO         4969    i._printf_pre_padding  mc_w.l(printfa.o)
    0x08003c52   0x0000000a   Code   RO         4971    i._sputc            mc_w.l(printfa.o)
    0x08003c5c   0x0000012c   Code   RO         4653    i.beep_alarm_handler  beep.o
    0x08003d88   0x000000dc   Code   RO         4654    i.beep_init         beep.o
    0x08003e64   0x00000010   Code   RO         4655    i.beep_off          beep.o
    0x08003e74   0x00000010   Code   RO         4656    i.beep_on           beep.o
    0x08003e84   0x00000044   Code   RO         4657    i.beep_set_freq     beep.o
    0x08003ec8   0x0000000c   Code   RO          508    i.delay_init        delay.o
    0x08003ed4   0x00000012   Code   RO          509    i.delay_ms          delay.o
    0x08003ee6   0x00000002   PAD
    0x08003ee8   0x00000048   Code   RO          510    i.delay_us          delay.o
    0x08003f30   0x00000058   Code   RO         4441    i.dht11_check       dht11.o
    0x08003f88   0x00000050   Code   RO         4442    i.dht11_init        dht11.o
    0x08003fd8   0x0000005c   Code   RO         4443    i.dht11_read_bit    dht11.o
    0x08004034   0x0000001e   Code   RO         4444    i.dht11_read_byte   dht11.o
    0x08004052   0x00000058   Code   RO         4445    i.dht11_read_data   dht11.o
    0x080040aa   0x00000002   PAD
    0x080040ac   0x00000034   Code   RO         4446    i.dht11_reset       dht11.o
    0x080040e0   0x0000001c   Code   RO          630    i.fputc             usart.o
    0x080040fc   0x00000020   Code   RO         4537    i.gp2y1014au_get_adc_average  gp2y1014au.o
    0x0800411c   0x00000060   Code   RO         4538    i.gp2y1014au_get_adc_value  gp2y1014au.o
    0x0800417c   0x000000ac   Code   RO         4539    i.gp2y1014au_get_dust_density  gp2y1014au.o
    0x08004228   0x000000e8   Code   RO         4540    i.gp2y1014au_init   gp2y1014au.o
    0x08004310   0x00000034   Code   RO         4181    i.lcd_clear         lcd.o
    0x08004344   0x0000016c   Code   RO         4183    i.lcd_display_dir   lcd.o
    0x080044b0   0x00000020   Code   RO         4189    i.lcd_draw_point    lcd.o
    0x080044d0   0x0000022c   Code   RO         4191    i.lcd_ex_ili9341_reginit  lcd.o
    0x080046fc   0x00000340   Code   RO         4192    i.lcd_ex_ili9806_reginit  lcd.o
    0x08004a3c   0x00000ef2   Code   RO         4193    i.lcd_ex_nt35310_reginit  lcd.o
    0x0800592e   0x00000efc   Code   RO         4194    i.lcd_ex_nt35510_reginit  lcd.o
    0x0800682a   0x0000016e   Code   RO         4195    i.lcd_ex_ssd1963_reginit  lcd.o
    0x08006998   0x000001a8   Code   RO         4196    i.lcd_ex_st7789_reginit  lcd.o
    0x08006b40   0x000001c6   Code   RO         4197    i.lcd_ex_st7796_reginit  lcd.o
    0x08006d06   0x00000002   PAD
    0x08006d08   0x00000054   Code   RO         4198    i.lcd_fill          lcd.o
    0x08006d5c   0x00000468   Code   RO         4200    i.lcd_init          lcd.o
    0x080071c4   0x0000000c   Code   RO         4201    i.lcd_opt_delay     lcd.o
    0x080071d0   0x00000016   Code   RO         4202    i.lcd_pow           lcd.o
    0x080071e6   0x00000002   PAD
    0x080071e8   0x00000018   Code   RO         4203    i.lcd_rd_data       lcd.o
    0x08007200   0x0000023c   Code   RO         4205    i.lcd_scan_dir      lcd.o
    0x0800743c   0x00000120   Code   RO         4206    i.lcd_set_cursor    lcd.o
    0x0800755c   0x00000140   Code   RO         4208    i.lcd_show_char     lcd.o
    0x0800769c   0x00000098   Code   RO         4209    i.lcd_show_num      lcd.o
    0x08007734   0x0000006a   Code   RO         4210    i.lcd_show_string   lcd.o
    0x0800779e   0x00000002   PAD
    0x080077a0   0x00000054   Code   RO         4212    i.lcd_ssd_backlight_set  lcd.o
    0x080077f4   0x00000018   Code   RO         4213    i.lcd_wr_data       lcd.o
    0x0800780c   0x00000018   Code   RO         4214    i.lcd_wr_regno      lcd.o
    0x08007824   0x00000014   Code   RO         4215    i.lcd_write_ram_prepare  lcd.o
    0x08007838   0x00000010   Code   RO         4216    i.lcd_write_reg     lcd.o
    0x08007848   0x00000090   Code   RO         4156    i.led_init          led.o
    0x080078d8   0x00000580   Code   RO           13    i.main              main.o
    0x08007e58   0x00000026   Code   RO         4493    i.mq7_get_adc_average  mq7.o
    0x08007e7e   0x00000002   PAD
    0x08007e80   0x00000030   Code   RO         4494    i.mq7_get_adc_value  mq7.o
    0x08007eb0   0x000000c0   Code   RO         4495    i.mq7_get_co_ppm    mq7.o
    0x08007f70   0x000000a4   Code   RO         4496    i.mq7_init          mq7.o
    0x08008014   0x000009d8   Code   RO         4706    i.pow               m_ws.l(pow.o)
    0x080089ec   0x00000098   Code   RO         4616    i.sensor_uart3_init  sensor_uart3.o
    0x08008a84   0x0000017c   Code   RO         4617    i.sensor_uart3_send_data  sensor_uart3.o
    0x08008c00   0x0000017c   Code   RO         4582    i.sensor_uart_send_data  sensor_uart.o
    0x08008d7c   0x0000004c   Code   RO         5035    i.sqrt              m_ws.l(sqrt.o)
    0x08008dc8   0x00000066   Code   RO          557    i.sys_stm32_clock_init  sys.o
    0x08008e2e   0x00000002   PAD
    0x08008e30   0x00000038   Code   RO          631    i.usart_init        usart.o
    0x08008e68   0x00000018   Data   RO          269    .constdata          system_stm32f1xx.o
    0x08008e80   0x00002f80   Data   RO         4218    .constdata          lcd.o
    0x0800be00   0x00000014   Data   RO         4583    .constdata          sensor_uart.o
    0x0800be14   0x00000014   Data   RO         4619    .constdata          sensor_uart3.o
    0x0800be28   0x00000088   Data   RO         4707    .constdata          m_ws.l(pow.o)
    0x0800beb0   0x00000008   Data   RO         5033    .constdata          m_ws.l(qnan.o)
    0x0800beb8   0x00000020   Data   RO         5088    Region$$Table       anon$$obj.o


    Execution Region RW_IRAM1 (Base: 0x20000000, Size: 0x00000690, Max: 0x00010000, ABSOLUTE)

    Base Addr    Size         Type   Attr      Idx    E Section Name        Object

    0x20000000   0x00000004   Data   RW          270    .data               system_stm32f1xx.o
    0x20000004   0x00000004   Data   RW          511    .data               delay.o
    0x20000008   0x00000007   Data   RW          633    .data               usart.o
    0x2000000f   0x00000001   PAD
    0x20000010   0x00000009   Data   RW          726    .data               stm32f1xx_hal.o
    0x20000019   0x00000003   PAD
    0x2000001c   0x00000008   Data   RW         4219    .data               lcd.o
    0x20000024   0x00000001   Data   RW         4659    .data               beep.o
    0x20000025   0x00000003   PAD
    0x20000028   0x00000004   Data   RW         5069    .data               mc_w.l(errno.o)
    0x2000002c   0x00000108   Zero   RW          632    .bss                usart.o
    0x20000134   0x00000056   Zero   RW         4217    .bss                lcd.o
    0x2000018a   0x00000002   PAD
    0x2000018c   0x00000030   Zero   RW         4497    .bss                mq7.o
    0x200001bc   0x00000030   Zero   RW         4541    .bss                gp2y1014au.o
    0x200001ec   0x00000040   Zero   RW         4618    .bss                sensor_uart3.o
    0x2000022c   0x00000064   Zero   RW         4658    .bss                beep.o
    0x20000290   0x00000400   Zero   RW            1    STACK               startup_stm32f103xe.o


==============================================================================

Image component sizes


      Code (inc. data)   RO Data    RW Data    ZI Data      Debug   Object Name

       620         72          0          1        100       3692   beep.o
       102         10          0          4          0       1827   delay.o
       430         24          0          0          0       3814   dht11.o
       532         54          0          0         48       3244   gp2y1014au.o
     13762        176      12160          8         86      25873   lcd.o
       144         12          0          0          0        895   led.o
      1408        282          0          0          0     520991   main.o
       442         62          0          0         48       2902   mq7.o
       380        174         20          0          0        904   sensor_uart.o
       532        192         20          0         64       2390   sensor_uart3.o
        36          8        304          0       1024        920   startup_stm32f103xe.o
       154         32          0          9          0       6355   stm32f1xx_hal.o
      1606         64          0          0          0       7429   stm32f1xx_hal_adc.o
       260          4          0          0          0       1454   stm32f1xx_hal_adc_ex.o
       304         22          0          0          0      29423   stm32f1xx_hal_cortex.o
       424         10          0          0          0       1231   stm32f1xx_hal_dma.o
       880         40          0          0          0       3952   stm32f1xx_hal_gpio.o
      1784        110          0          0          0       6016   stm32f1xx_hal_rcc.o
       308         32          0          0          0       1425   stm32f1xx_hal_rcc_ex.o
       102          0          0          0          0       1200   stm32f1xx_hal_sram.o
      1884         88          0          0          0      13068   stm32f1xx_hal_tim.o
       156         22          0          0          0       1312   stm32f1xx_hal_tim_ex.o
      1480         10          0          0          0       9583   stm32f1xx_hal_uart.o
        32          0          0          0          0       3842   stm32f1xx_it.o
       254         10          0          0          0       3823   stm32f1xx_ll_fsmc.o
       102          0          0          0          0        707   sys.o
         2          0         24          4          0       1327   system_stm32f1xx.o
       436         56          0          7        264       4909   usart.o

    ----------------------------------------------------------------------
     28590       1566      12560         40       1636     664508   Object Totals
         0          0         32          0          0          0   (incl. Generated)
        34          0          0          7          2          0   (incl. Padding)

    ----------------------------------------------------------------------

      Code (inc. data)   RO Data    RW Data    ZI Data      Debug   Library Member Name

        62         10          0          0          0        340   dunder.o
        40          0          0          0          0         68   fpclassify.o
       170          0          0          0          0         96   poly.o
      2520        190        136          0          0        324   pow.o
         0          0          8          0          0          0   qnan.o
        76          0          0          0          0         84   sqrt.o
         0          0          0          0          0          0   entry.o
         0          0          0          0          0          0   entry10a.o
         0          0          0          0          0          0   entry11a.o
         8          4          0          0          0          0   entry2.o
         4          0          0          0          0          0   entry5.o
         0          0          0          0          0          0   entry7b.o
         0          0          0          0          0          0   entry8b.o
         8          4          0          0          0          0   entry9a.o
        12          6          0          4          0         68   errno.o
        30          0          0          0          0          0   handlers.o
        36          8          0          0          0         68   init.o
         0          0          0          0          0          0   iusefp.o
        30          0          0          0          0         68   llshl.o
        36          0          0          0          0         68   llsshr.o
        32          0          0          0          0         68   llushr.o
        36          0          0          0          0         68   memcpya.o
        36          0          0          0          0        108   memseta.o
      2276         96          0          0          0        596   printfa.o
        18          0          0          0          0         68   strcpy.o
        44          0          0          0          0         80   uidiv.o
        98          0          0          0          0         92   uldiv.o
        48          0          0          0          0         68   cdcmple.o
        48          0          0          0          0         68   cdrcmple.o
        20          0          0          0          0         68   cfrcmple.o
        56          0          0          0          0         88   d2f.o
       334          0          0          0          0        148   dadd.o
       222          0          0          0          0        100   ddiv.o
       186          0          0          0          0        176   depilogue.o
        50          0          0          0          0         76   dfixui.o
        48          0          0          0          0         68   dfixul.o
        34          0          0          0          0         76   dflti.o
        26          0          0          0          0         76   dfltui.o
       228          0          0          0          0         96   dmul.o
        46          0          0          0          0         80   dscalb.o
       162          0          0          0          0        100   dsqrt.o
        38          0          0          0          0         68   f2d.o
       176          0          0          0          0        140   fadd.o
       110          0          0          0          0        168   fepilogue.o
        40          0          0          0          0         68   ffixui.o
        10          0          0          0          0         68   ffltui.o
       100          0          0          0          0         76   fmul.o

    ----------------------------------------------------------------------
      7562        318        144          4          0       4140   Library Totals
         8          0          0          0          0          0   (incl. Padding)

    ----------------------------------------------------------------------

      Code (inc. data)   RO Data    RW Data    ZI Data      Debug   Library Name

      2868        200        144          0          0        912   m_ws.l
      2704        118          0          4          0       1352   mc_w.l
      1982          0          0          0          0       1876   mf_w.l

    ----------------------------------------------------------------------
      7562        318        144          4          0       4140   Library Totals

    ----------------------------------------------------------------------

==============================================================================


      Code (inc. data)   RO Data    RW Data    ZI Data      Debug   

     36152       1884      12704         44       1636     659596   Grand Totals
     36152       1884      12704         44       1636     659596   ELF Image Totals
     36152       1884      12704         44          0          0   ROM Totals

==============================================================================

    Total RO  Size (Code + RO Data)                48856 (  47.71kB)
    Total RW  Size (RW Data + ZI Data)              1680 (   1.64kB)
    Total ROM Size (Code + RO Data + RW Data)      48900 (  47.75kB)

==============================================================================

